   Compiling tenth v0.3.3 (D:\史蒂夫\Desktop\AI开发新语言：头脑风暴与评估\tenth)
warning: unnecessary parentheses around match arm expression
   --> src\lexer\lexer.rs:282:33
    |
282 |                 BaseType::I8 => (n >= -128 && n <= 127),
    |                                 ^                     ^
    |
    = note: `#[warn(unused_parens)]` (part of `#[warn(unused)]`) on by default
help: remove these parentheses
    |
282 -                 BaseType::I8 => (n >= -128 && n <= 127),
282 +                 BaseType::I8 => n >= -128 && n <= 127 ,
    |

warning: unnecessary parentheses around match arm expression
   --> src\lexer\lexer.rs:283:34
    |
283 |                 BaseType::I16 => (n >= -32768 && n <= 32767),
    |                                  ^                         ^
    |
help: remove these parentheses
    |
283 -                 BaseType::I16 => (n >= -32768 && n <= 32767),
283 +                 BaseType::I16 => n >= -32768 && n <= 32767 ,
    |

warning: unnecessary parentheses around match arm expression
   --> src\lexer\lexer.rs:284:34
    |
284 |                 BaseType::I32 => (n >= -2147483648 && n <= 2147483647),
    |                                  ^                                   ^
    |
help: remove these parentheses
    |
284 -                 BaseType::I32 => (n >= -2147483648 && n <= 2147483647),
284 +                 BaseType::I32 => n >= -2147483648 && n <= 2147483647 ,
    |

warning: unnecessary parentheses around match arm expression
   --> src\lexer\lexer.rs:286:33
    |
286 |                 BaseType::U8 => (n >= 0 && n <= 255),
    |                                 ^                  ^
    |
help: remove these parentheses
    |
286 -                 BaseType::U8 => (n >= 0 && n <= 255),
286 +                 BaseType::U8 => n >= 0 && n <= 255 ,
    |

warning: unnecessary parentheses around match arm expression
   --> src\lexer\lexer.rs:287:34
    |
287 |                 BaseType::U16 => (n >= 0 && n <= 65535),
    |                                  ^                    ^
    |
help: remove these parentheses
    |
287 -                 BaseType::U16 => (n >= 0 && n <= 65535),
287 +                 BaseType::U16 => n >= 0 && n <= 65535 ,
    |

warning: unnecessary parentheses around match arm expression
   --> src\lexer\lexer.rs:288:34
    |
288 |                 BaseType::U32 => (n >= 0 && n <= 4294967295),
    |                                  ^                         ^
    |
help: remove these parentheses
    |
288 -                 BaseType::U32 => (n >= 0 && n <= 4294967295),
288 +                 BaseType::U32 => n >= 0 && n <= 4294967295 ,
    |

warning: unnecessary parentheses around match arm expression
   --> src\lexer\lexer.rs:289:34
    |
289 |                 BaseType::U64 => (n >= 0),
    |                                  ^      ^
    |
help: remove these parentheses
    |
289 -                 BaseType::U64 => (n >= 0),
289 +                 BaseType::U64 => n >= 0 ,
    |

warning: unused import: `crate::hir::types::BaseType`
  --> src\parser\expr.rs:15:5
   |
15 | use crate::hir::types::BaseType;
   |     ^^^^^^^^^^^^^^^^^^^^^^^^^^^
   |
   = note: `#[warn(unused_imports)]` (part of `#[warn(unused)]`) on by default

warning: unused import: `Token`
  --> src\parser\expr.rs:16:33
   |
16 | use crate::lexer::token::{Span, Token, TokenKind};
   |                                 ^^^^^

warning: unused imports: `Span` and `Token`
  --> src\parser\stmt.rs:12:27
   |
12 | use crate::lexer::token::{Span, Token, TokenKind};
   |                           ^^^^  ^^^^^

warning: unused import: `crate::hir::types::BaseType`
  --> src\parser\decl.rs:13:5
   |
13 | use crate::hir::types::BaseType;
   |     ^^^^^^^^^^^^^^^^^^^^^^^^^^^

warning: unused imports: `Span` and `Token`
  --> src\parser\decl.rs:14:27
   |
14 | use crate::lexer::token::{Span, Token, TokenKind};
   |                           ^^^^  ^^^^^

warning: unused import: `crate::hir::types::BaseType`
 --> src\parser\type_parser.rs:8:5
  |
8 | use crate::hir::types::BaseType;
  |     ^^^^^^^^^^^^^^^^^^^^^^^^^^^

warning: unused imports: `Span` and `Token`
 --> src\parser\type_parser.rs:9:27
  |
9 | use crate::lexer::token::{Span, Token, TokenKind};
  |                           ^^^^  ^^^^^

warning: unused import: `BaseType`
  --> src\hir\lower\backward_shape_pass.rs:26:36
   |
26 | use crate::hir::types::{Dim, Type, BaseType};
   |                                    ^^^^^^^^

warning: unused import: `crate::hir::types::BaseType`
  --> src\runtime\autodiff\mod.rs:15:5
   |
15 | use crate::hir::types::BaseType;
   |     ^^^^^^^^^^^^^^^^^^^^^^^^^^^

warning: unused import: `super::async_io::ASYNC_IO`
  --> src\runtime\vm\mod.rs:18:5
   |
18 | use super::async_io::ASYNC_IO;
   |     ^^^^^^^^^^^^^^^^^^^^^^^^^

warning: unused import: `crate::hir::types::BaseType`
 --> src\compile\jit\context.rs:4:5
  |
4 | use crate::hir::types::BaseType;
  |     ^^^^^^^^^^^^^^^^^^^^^^^^^^^

warning: unused imports: `Linkage` and `Module`
 --> src\compile\jit\context.rs:6:24
  |
6 | use cranelift_module::{Linkage, Module};
  |                        ^^^^^^^  ^^^^^^

warning: unused import: `crate::hir::types::BaseType`
  --> src\compile\jit\translator.rs:16:5
   |
16 | use crate::hir::types::BaseType;
   |     ^^^^^^^^^^^^^^^^^^^^^^^^^^^

warning: variable does not need to be mutable
   --> src\hir\lower\scope.rs:263:17
    |
263 |             let mut compatible: Vec<&(Vec<(String, Type)>, Type)> = all.iter()
    |                 ----^^^^^^^^^^
    |                 |
    |                 help: remove this `mut`
    |
    = note: `#[warn(unused_mut)]` (part of `#[warn(unused)]`) on by default

warning: unused variable: `params`
   --> src\hir\lower\types.rs:193:25
    |
193 |                     Ok((params, ret)) => {
    |                         ^^^^^^ help: if this is intentional, prefix it with an underscore: `_params`
    |
    = note: `#[warn(unused_variables)]` (part of `#[warn(unused)]`) on by default

warning: unused variable: `args`
   --> src\hir\lower\backward_shape_pass.rs:302:42
    |
302 |         if let HirExprKind::Call { func, args, .. } = &init_expr.kind {
    |                                          ^^^^ help: try ignoring the field: `args: _`

warning: variable does not need to be mutable
    --> src\runtime\natives.rs:2397:9
     |
2397 |     let mut dividend = bigint_sub_str_unsigned(&a_padded, &"0"); // just clone
     |         ----^^^^^^^^
     |         |
     |         help: remove this `mut`

warning: unused variable: `dividend`
    --> src\runtime\natives.rs:2397:9
     |
2397 |     let mut dividend = bigint_sub_str_unsigned(&a_padded, &"0"); // just clone
     |         ^^^^^^^^^^^^ help: if this is intentional, prefix it with an underscore: `_dividend`

warning: unused variable: `divisor`
    --> src\runtime\natives.rs:2398:9
     |
2398 |     let divisor = bigint_sub_str_unsigned(&b_padded, &"0");
     |         ^^^^^^^ help: if this is intentional, prefix it with an underscore: `_divisor`

warning: unused variable: `i`
    --> src\runtime\natives.rs:2404:10
     |
2404 |     for (i, c) in dividend_val.chars().enumerate() {
     |          ^ help: if this is intentional, prefix it with an underscore: `_i`

warning: unused variable: `left_is_f64`
   --> src\compile\wasm\compile.rs:216:25
    |
216 |                     let left_is_f64 = matches!(&left.ty, Type::Base(BaseType::F64));
    |                         ^^^^^^^^^^^ help: if this is intentional, prefix it with an underscore: `_left_is_f64`

warning: unreachable pattern
    --> src\compile\wasm\compile.rs:1067:13
     |
1067 |             _ => return Err(TenthError::RuntimeError { line: None, col: None,
     |             ^ no value can reach this
     |
note: multiple earlier patterns match some of the same values
    --> src\compile\wasm\compile.rs:1067:13
     |
 891 |             HirStmtKind::Expr(e) => {
     |             -------------------- matches some of the same values
...
 897 |             HirStmtKind::Let { names, type_ann, init, .. } => {
     |             ---------------------------------------------- matches some of the same values
...
 945 |             HirStmtKind::Loop { body: lb } => {
     |             ------------------------------ matches some of the same values
...
 955 |             HirStmtKind::While { cond, body: lb } => {
     |             ------------------------------------- matches some of the same values
...
1067 |             _ => return Err(TenthError::RuntimeError { line: None, col: None,
     |             ^ ...and 5 other patterns collectively make this unreachable
     = note: `#[warn(unreachable_patterns)]` (part of `#[warn(unused)]`) on by default

warning: variable does not need to be mutable
  --> src\compile\jit\translator.rs:74:13
   |
74 |         let mut t = Translator {
   |             ----^
   |             |
   |             help: remove this `mut`

warning[E0133]: call to unsafe function is unsafe and requires unsafe block
  --> src\compile\jit\hostcalls.rs:43:9
   |
43 |         fn_ptr(vm, args.as_ptr(), args.len(), out as *mut Value)
   |         ^^^^^^^^^^^^^^^^^^^^^^^^^^^^^^^^^^^^^^^^^^^^^^^^^^^^^^^^ call to unsafe function
   |
   = note: consult the function's documentation for information on how to avoid undefined behavior
note: an unsafe function restricts its caller, but its body is safe by default
  --> src\compile\jit\hostcalls.rs:34:1
   |
34 | / pub unsafe fn invoke_jit(
35 | |     fn_ptr: unsafe extern "C" fn(*mut Vm, *const Value, usize, *mut Value) -> bool,
36 | |     vm: *mut Vm,
37 | |     args: &[Value],
38 | |     out: &mut Value,
39 | | ) -> bool {
   | |_________^
   = note: for more information, see <https://doc.rust-lang.org/edition-guide/rust-2024/unsafe-op-in-unsafe-fn.html>
   = note: `#[warn(unsafe_op_in_unsafe_fn)]` (part of `#[warn(rust_2024_compatibility)]`) on by default

warning[E0133]: dereference of raw pointer is unsafe and requires unsafe block
  --> src\compile\jit\hostcalls.rs:57:17
   |
57 |                 (*vm).set_last_error(format!("JIT panic: {}", msg));
   |                 ^^^^^ dereference of raw pointer
   |
   = note: raw pointers may be null, dangling or unaligned; they can violate aliasing rules and cause data races: all of these are undefined behavior
note: an unsafe function restricts its caller, but its body is safe by default
  --> src\compile\jit\hostcalls.rs:34:1
   |
34 | / pub unsafe fn invoke_jit(
35 | |     fn_ptr: unsafe extern "C" fn(*mut Vm, *const Value, usize, *mut Value) -> bool,
36 | |     vm: *mut Vm,
37 | |     args: &[Value],
38 | |     out: &mut Value,
39 | | ) -> bool {
   | |_________^
   = note: for more information, see <https://doc.rust-lang.org/edition-guide/rust-2024/unsafe-op-in-unsafe-fn.html>

warning[E0133]: call to unsafe function `std::ptr::write` is unsafe and requires unsafe block
  --> src\compile\jit\hostcalls.rs:59:13
   |
59 |             std::ptr::write(out, Value::Unit);
   |             ^^^^^^^^^^^^^^^^^^^^^^^^^^^^^^^^^ call to unsafe function
   |
   = note: consult the function's documentation for information on how to avoid undefined behavior
   = note: for more information, see <https://doc.rust-lang.org/edition-guide/rust-2024/unsafe-op-in-unsafe-fn.html>

warning[E0133]: call to unsafe function `std::slice::from_raw_parts` is unsafe and requires unsafe block
  --> src\compile\jit\hostcalls.rs:78:5
   |
78 |     std::slice::from_raw_parts(ptr, n)
   |     ^^^^^^^^^^^^^^^^^^^^^^^^^^^^^^^^^^ call to unsafe function
   |
   = note: consult the function's documentation for information on how to avoid undefined behavior
note: an unsafe function restricts its caller, but its body is safe by default
  --> src\compile\jit\hostcalls.rs:69:1
   |
69 | unsafe fn safe_slice<'a>(ptr: *const Value, count: u64) -> &'a [Value] {
   | ^^^^^^^^^^^^^^^^^^^^^^^^^^^^^^^^^^^^^^^^^^^^^^^^^^^^^^^^^^^^^^^^^^^^^^
   = note: for more information, see <https://doc.rust-lang.org/edition-guide/rust-2024/unsafe-op-in-unsafe-fn.html>

warning[E0133]: call to unsafe function `std::ptr::write` is unsafe and requires unsafe block
  --> src\compile\jit\hostcalls.rs:84:5
   |
84 |     std::ptr::write(out, Value::Int(n, BaseType::I32));
   |     ^^^^^^^^^^^^^^^^^^^^^^^^^^^^^^^^^^^^^^^^^^^^^^^^^^ call to unsafe function
   |
   = note: consult the function's documentation for information on how to avoid undefined behavior
note: an unsafe function restricts its caller, but its body is safe by default
  --> src\compile\jit\hostcalls.rs:83:1
   |
83 | unsafe extern "C" fn host_make_int(_vm: *mut Vm, n: i64, out: *mut Value) {
   | ^^^^^^^^^^^^^^^^^^^^^^^^^^^^^^^^^^^^^^^^^^^^^^^^^^^^^^^^^^^^^^^^^^^^^^^^^
   = note: for more information, see <https://doc.rust-lang.org/edition-guide/rust-2024/unsafe-op-in-unsafe-fn.html>

warning[E0133]: call to unsafe function `std::ptr::write` is unsafe and requires unsafe block
  --> src\compile\jit\hostcalls.rs:88:5
   |
88 |     std::ptr::write(out, Value::Float(f));
   |     ^^^^^^^^^^^^^^^^^^^^^^^^^^^^^^^^^^^^^ call to unsafe function
   |
   = note: consult the function's documentation for information on how to avoid undefined behavior
note: an unsafe function restricts its caller, but its body is safe by default
  --> src\compile\jit\hostcalls.rs:87:1
   |
87 | unsafe extern "C" fn host_make_float(_vm: *mut Vm, f: f64, out: *mut Value) {
   | ^^^^^^^^^^^^^^^^^^^^^^^^^^^^^^^^^^^^^^^^^^^^^^^^^^^^^^^^^^^^^^^^^^^^^^^^^^^
   = note: for more information, see <https://doc.rust-lang.org/edition-guide/rust-2024/unsafe-op-in-unsafe-fn.html>

warning[E0133]: call to unsafe function `std::ptr::write` is unsafe and requires unsafe block
  --> src\compile\jit\hostcalls.rs:94:5
   |
94 |     std::ptr::write(out, Value::Float32(f));
   |     ^^^^^^^^^^^^^^^^^^^^^^^^^^^^^^^^^^^^^^^ call to unsafe function
   |
   = note: consult the function's documentation for information on how to avoid undefined behavior
note: an unsafe function restricts its caller, but its body is safe by default
  --> src\compile\jit\hostcalls.rs:93:1
   |
93 | unsafe extern "C" fn host_make_float32(_vm: *mut Vm, f: f32, out: *mut Value) {
   | ^^^^^^^^^^^^^^^^^^^^^^^^^^^^^^^^^^^^^^^^^^^^^^^^^^^^^^^^^^^^^^^^^^^^^^^^^^^^^
   = note: for more information, see <https://doc.rust-lang.org/edition-guide/rust-2024/unsafe-op-in-unsafe-fn.html>

warning[E0133]: call to unsafe function `std::ptr::write` is unsafe and requires unsafe block
  --> src\compile\jit\hostcalls.rs:98:5
   |
98 |     std::ptr::write(out, Value::Bool(b != 0));
   |     ^^^^^^^^^^^^^^^^^^^^^^^^^^^^^^^^^^^^^^^^^ call to unsafe function
   |
   = note: consult the function's documentation for information on how to avoid undefined behavior
note: an unsafe function restricts its caller, but its body is safe by default
  --> src\compile\jit\hostcalls.rs:97:1
   |
97 | unsafe extern "C" fn host_make_bool(_vm: *mut Vm, b: u8, out: *mut Value) {
   | ^^^^^^^^^^^^^^^^^^^^^^^^^^^^^^^^^^^^^^^^^^^^^^^^^^^^^^^^^^^^^^^^^^^^^^^^^
   = note: for more information, see <https://doc.rust-lang.org/edition-guide/rust-2024/unsafe-op-in-unsafe-fn.html>

warning[E0133]: dereference of raw pointer is unsafe and requires unsafe block
   --> src\compile\jit\hostcalls.rs:102:19
    |
102 |     let vm = &mut *vm;
    |                   ^^^ dereference of raw pointer
    |
    = note: raw pointers may be null, dangling or unaligned; they can violate aliasing rules and cause data races: all of these are undefined behavior
note: an unsafe function restricts its caller, but its body is safe by default
   --> src\compile\jit\hostcalls.rs:101:1
    |
101 | unsafe extern "C" fn host_make_str(vm: *mut Vm, idx: u64, out: *mut Value) {
    | ^^^^^^^^^^^^^^^^^^^^^^^^^^^^^^^^^^^^^^^^^^^^^^^^^^^^^^^^^^^^^^^^^^^^^^^^^^
    = note: for more information, see <https://doc.rust-lang.org/edition-guide/rust-2024/unsafe-op-in-unsafe-fn.html>

warning[E0133]: call to unsafe function `std::ptr::write` is unsafe and requires unsafe block
   --> src\compile\jit\hostcalls.rs:104:5
    |
104 |     std::ptr::write(out, Value::String(s));
    |     ^^^^^^^^^^^^^^^^^^^^^^^^^^^^^^^^^^^^^^ call to unsafe function
    |
    = note: consult the function's documentation for information on how to avoid undefined behavior
    = note: for more information, see <https://doc.rust-lang.org/edition-guide/rust-2024/unsafe-op-in-unsafe-fn.html>

warning[E0133]: call to unsafe function `std::ptr::write` is unsafe and requires unsafe block
   --> src\compile\jit\hostcalls.rs:108:5
    |
108 |     std::ptr::write(out, Value::Unit);
    |     ^^^^^^^^^^^^^^^^^^^^^^^^^^^^^^^^^ call to unsafe function
    |
    = note: consult the function's documentation for information on how to avoid undefined behavior
note: an unsafe function restricts its caller, but its body is safe by default
   --> src\compile\jit\hostcalls.rs:107:1
    |
107 | unsafe extern "C" fn host_make_unit(_vm: *mut Vm, out: *mut Value) {
    | ^^^^^^^^^^^^^^^^^^^^^^^^^^^^^^^^^^^^^^^^^^^^^^^^^^^^^^^^^^^^^^^^^^
    = note: for more information, see <https://doc.rust-lang.org/edition-guide/rust-2024/unsafe-op-in-unsafe-fn.html>

warning[E0133]: dereference of raw pointer is unsafe and requires unsafe block
   --> src\compile\jit\hostcalls.rs:113:14
    |
113 |     let v = &*v;
    |              ^^ dereference of raw pointer
    |
    = note: raw pointers may be null, dangling or unaligned; they can violate aliasing rules and cause data races: all of these are undefined behavior
note: an unsafe function restricts its caller, but its body is safe by default
   --> src\compile\jit\hostcalls.rs:112:1
    |
112 | unsafe extern "C" fn host_truthy(_vm: *mut Vm, v: *const Value) -> u8 {
    | ^^^^^^^^^^^^^^^^^^^^^^^^^^^^^^^^^^^^^^^^^^^^^^^^^^^^^^^^^^^^^^^^^^^^^
    = note: for more information, see <https://doc.rust-lang.org/edition-guide/rust-2024/unsafe-op-in-unsafe-fn.html>

warning[E0133]: dereference of raw pointer is unsafe and requires unsafe block
   --> src\compile\jit\hostcalls.rs:127:19
    |
127 |     let vm = &mut *vm;
    |                   ^^^ dereference of raw pointer
    |
    = note: raw pointers may be null, dangling or unaligned; they can violate aliasing rules and cause data races: all of these are undefined behavior
note: an unsafe function restricts its caller, but its body is safe by default
   --> src\compile\jit\hostcalls.rs:126:1
    |
126 | unsafe extern "C" fn host_add(vm: *mut Vm, a: *const Value, b: *const Value, out: *mut Value) {
    | ^^^^^^^^^^^^^^^^^^^^^^^^^^^^^^^^^^^^^^^^^^^^^^^^^^^^^^^^^^^^^^^^^^^^^^^^^^^^^^^^^^^^^^^^^^^^^
    = note: for more information, see <https://doc.rust-lang.org/edition-guide/rust-2024/unsafe-op-in-unsafe-fn.html>

warning[E0133]: dereference of raw pointer is unsafe and requires unsafe block
   --> src\compile\jit\hostcalls.rs:128:19
    |
128 |     match vm.add(&*a, &*b) {
    |                   ^^ dereference of raw pointer
    |
    = note: raw pointers may be null, dangling or unaligned; they can violate aliasing rules and cause data races: all of these are undefined behavior
    = note: for more information, see <https://doc.rust-lang.org/edition-guide/rust-2024/unsafe-op-in-unsafe-fn.html>

warning[E0133]: dereference of raw pointer is unsafe and requires unsafe block
   --> src\compile\jit\hostcalls.rs:128:24
    |
128 |     match vm.add(&*a, &*b) {
    |                        ^^ dereference of raw pointer
    |
    = note: raw pointers may be null, dangling or unaligned; they can violate aliasing rules and cause data races: all of these are undefined behavior
    = note: for more information, see <https://doc.rust-lang.org/edition-guide/rust-2024/unsafe-op-in-unsafe-fn.html>

warning[E0133]: call to unsafe function `std::ptr::write` is unsafe and requires unsafe block
   --> src\compile\jit\hostcalls.rs:129:18
    |
129 |         Ok(v) => std::ptr::write(out, v),
    |                  ^^^^^^^^^^^^^^^^^^^^^^^ call to unsafe function
    |
    = note: consult the function's documentation for information on how to avoid undefined behavior
    = note: for more information, see <https://doc.rust-lang.org/edition-guide/rust-2024/unsafe-op-in-unsafe-fn.html>

warning[E0133]: call to unsafe function `std::ptr::write` is unsafe and requires unsafe block
   --> src\compile\jit\hostcalls.rs:130:55
    |
130 |         Err(e) => { vm.set_last_error(e.to_string()); std::ptr::write(out, Value::Unit); }
    |                                                       ^^^^^^^^^^^^^^^^^^^^^^^^^^^^^^^^^ call to unsafe function
    |
    = note: consult the function's documentation for information on how to avoid undefined behavior
    = note: for more information, see <https://doc.rust-lang.org/edition-guide/rust-2024/unsafe-op-in-unsafe-fn.html>

warning[E0133]: dereference of raw pointer is unsafe and requires unsafe block
   --> src\compile\jit\hostcalls.rs:135:19
    |
135 |     let vm = &mut *vm;
    |                   ^^^ dereference of raw pointer
    |
    = note: raw pointers may be null, dangling or unaligned; they can violate aliasing rules and cause data races: all of these are undefined behavior
note: an unsafe function restricts its caller, but its body is safe by default
   --> src\compile\jit\hostcalls.rs:134:1
    |
134 | unsafe extern "C" fn host_sub(vm: *mut Vm, a: *const Value, b: *const Value, out: *mut Value) {
    | ^^^^^^^^^^^^^^^^^^^^^^^^^^^^^^^^^^^^^^^^^^^^^^^^^^^^^^^^^^^^^^^^^^^^^^^^^^^^^^^^^^^^^^^^^^^^^
    = note: for more information, see <https://doc.rust-lang.org/edition-guide/rust-2024/unsafe-op-in-unsafe-fn.html>

warning[E0133]: dereference of raw pointer is unsafe and requires unsafe block
   --> src\compile\jit\hostcalls.rs:136:19
    |
136 |     match vm.sub(&*a, &*b) {
    |                   ^^ dereference of raw pointer
    |
    = note: raw pointers may be null, dangling or unaligned; they can violate aliasing rules and cause data races: all of these are undefined behavior
    = note: for more information, see <https://doc.rust-lang.org/edition-guide/rust-2024/unsafe-op-in-unsafe-fn.html>

warning[E0133]: dereference of raw pointer is unsafe and requires unsafe block
   --> src\compile\jit\hostcalls.rs:136:24
    |
136 |     match vm.sub(&*a, &*b) {
    |                        ^^ dereference of raw pointer
    |
    = note: raw pointers may be null, dangling or unaligned; they can violate aliasing rules and cause data races: all of these are undefined behavior
    = note: for more information, see <https://doc.rust-lang.org/edition-guide/rust-2024/unsafe-op-in-unsafe-fn.html>

warning[E0133]: call to unsafe function `std::ptr::write` is unsafe and requires unsafe block
   --> src\compile\jit\hostcalls.rs:137:18
    |
137 |         Ok(v) => std::ptr::write(out, v),
    |                  ^^^^^^^^^^^^^^^^^^^^^^^ call to unsafe function
    |
    = note: consult the function's documentation for information on how to avoid undefined behavior
    = note: for more information, see <https://doc.rust-lang.org/edition-guide/rust-2024/unsafe-op-in-unsafe-fn.html>

warning[E0133]: call to unsafe function `std::ptr::write` is unsafe and requires unsafe block
   --> src\compile\jit\hostcalls.rs:138:55
    |
138 |         Err(e) => { vm.set_last_error(e.to_string()); std::ptr::write(out, Value::Unit); }
    |                                                       ^^^^^^^^^^^^^^^^^^^^^^^^^^^^^^^^^ call to unsafe function
    |
    = note: consult the function's documentation for information on how to avoid undefined behavior
    = note: for more information, see <https://doc.rust-lang.org/edition-guide/rust-2024/unsafe-op-in-unsafe-fn.html>

warning[E0133]: dereference of raw pointer is unsafe and requires unsafe block
   --> src\compile\jit\hostcalls.rs:143:19
    |
143 |     let vm = &mut *vm;
    |                   ^^^ dereference of raw pointer
    |
    = note: raw pointers may be null, dangling or unaligned; they can violate aliasing rules and cause data races: all of these are undefined behavior
note: an unsafe function restricts its caller, but its body is safe by default
   --> src\compile\jit\hostcalls.rs:142:1
    |
142 | unsafe extern "C" fn host_mul(vm: *mut Vm, a: *const Value, b: *const Value, out: *mut Value) {
    | ^^^^^^^^^^^^^^^^^^^^^^^^^^^^^^^^^^^^^^^^^^^^^^^^^^^^^^^^^^^^^^^^^^^^^^^^^^^^^^^^^^^^^^^^^^^^^
    = note: for more information, see <https://doc.rust-lang.org/edition-guide/rust-2024/unsafe-op-in-unsafe-fn.html>

warning[E0133]: dereference of raw pointer is unsafe and requires unsafe block
   --> src\compile\jit\hostcalls.rs:144:19
    |
144 |     match vm.mul(&*a, &*b) {
    |                   ^^ dereference of raw pointer
    |
    = note: raw pointers may be null, dangling or unaligned; they can violate aliasing rules and cause data races: all of these are undefined behavior
    = note: for more information, see <https://doc.rust-lang.org/edition-guide/rust-2024/unsafe-op-in-unsafe-fn.html>

warning[E0133]: dereference of raw pointer is unsafe and requires unsafe block
   --> src\compile\jit\hostcalls.rs:144:24
    |
144 |     match vm.mul(&*a, &*b) {
    |                        ^^ dereference of raw pointer
    |
    = note: raw pointers may be null, dangling or unaligned; they can violate aliasing rules and cause data races: all of these are undefined behavior
    = note: for more information, see <https://doc.rust-lang.org/edition-guide/rust-2024/unsafe-op-in-unsafe-fn.html>

warning[E0133]: call to unsafe function `std::ptr::write` is unsafe and requires unsafe block
   --> src\compile\jit\hostcalls.rs:145:18
    |
145 |         Ok(v) => std::ptr::write(out, v),
    |                  ^^^^^^^^^^^^^^^^^^^^^^^ call to unsafe function
    |
    = note: consult the function's documentation for information on how to avoid undefined behavior
    = note: for more information, see <https://doc.rust-lang.org/edition-guide/rust-2024/unsafe-op-in-unsafe-fn.html>

warning[E0133]: call to unsafe function `std::ptr::write` is unsafe and requires unsafe block
   --> src\compile\jit\hostcalls.rs:146:55
    |
146 |         Err(e) => { vm.set_last_error(e.to_string()); std::ptr::write(out, Value::Unit); }
    |                                                       ^^^^^^^^^^^^^^^^^^^^^^^^^^^^^^^^^ call to unsafe function
    |
    = note: consult the function's documentation for information on how to avoid undefined behavior
    = note: for more information, see <https://doc.rust-lang.org/edition-guide/rust-2024/unsafe-op-in-unsafe-fn.html>

warning[E0133]: dereference of raw pointer is unsafe and requires unsafe block
   --> src\compile\jit\hostcalls.rs:151:19
    |
151 |     let vm = &mut *vm;
    |                   ^^^ dereference of raw pointer
    |
    = note: raw pointers may be null, dangling or unaligned; they can violate aliasing rules and cause data races: all of these are undefined behavior
note: an unsafe function restricts its caller, but its body is safe by default
   --> src\compile\jit\hostcalls.rs:150:1
    |
150 | unsafe extern "C" fn host_div(vm: *mut Vm, a: *const Value, b: *const Value, out: *mut Value) {
    | ^^^^^^^^^^^^^^^^^^^^^^^^^^^^^^^^^^^^^^^^^^^^^^^^^^^^^^^^^^^^^^^^^^^^^^^^^^^^^^^^^^^^^^^^^^^^^
    = note: for more information, see <https://doc.rust-lang.org/edition-guide/rust-2024/unsafe-op-in-unsafe-fn.html>

warning[E0133]: dereference of raw pointer is unsafe and requires unsafe block
   --> src\compile\jit\hostcalls.rs:152:19
    |
152 |     match vm.div(&*a, &*b) {
    |                   ^^ dereference of raw pointer
    |
    = note: raw pointers may be null, dangling or unaligned; they can violate aliasing rules and cause data races: all of these are undefined behavior
    = note: for more information, see <https://doc.rust-lang.org/edition-guide/rust-2024/unsafe-op-in-unsafe-fn.html>

warning[E0133]: dereference of raw pointer is unsafe and requires unsafe block
   --> src\compile\jit\hostcalls.rs:152:24
    |
152 |     match vm.div(&*a, &*b) {
    |                        ^^ dereference of raw pointer
    |
    = note: raw pointers may be null, dangling or unaligned; they can violate aliasing rules and cause data races: all of these are undefined behavior
    = note: for more information, see <https://doc.rust-lang.org/edition-guide/rust-2024/unsafe-op-in-unsafe-fn.html>

warning[E0133]: call to unsafe function `std::ptr::write` is unsafe and requires unsafe block
   --> src\compile\jit\hostcalls.rs:153:18
    |
153 |         Ok(v) => std::ptr::write(out, v),
    |                  ^^^^^^^^^^^^^^^^^^^^^^^ call to unsafe function
    |
    = note: consult the function's documentation for information on how to avoid undefined behavior
    = note: for more information, see <https://doc.rust-lang.org/edition-guide/rust-2024/unsafe-op-in-unsafe-fn.html>

warning[E0133]: call to unsafe function `std::ptr::write` is unsafe and requires unsafe block
   --> src\compile\jit\hostcalls.rs:154:55
    |
154 |         Err(e) => { vm.set_last_error(e.to_string()); std::ptr::write(out, Value::Unit); }
    |                                                       ^^^^^^^^^^^^^^^^^^^^^^^^^^^^^^^^^ call to unsafe function
    |
    = note: consult the function's documentation for information on how to avoid undefined behavior
    = note: for more information, see <https://doc.rust-lang.org/edition-guide/rust-2024/unsafe-op-in-unsafe-fn.html>

warning[E0133]: dereference of raw pointer is unsafe and requires unsafe block
   --> src\compile\jit\hostcalls.rs:159:19
    |
159 |     let vm = &mut *vm;
    |                   ^^^ dereference of raw pointer
    |
    = note: raw pointers may be null, dangling or unaligned; they can violate aliasing rules and cause data races: all of these are undefined behavior
note: an unsafe function restricts its caller, but its body is safe by default
   --> src\compile\jit\hostcalls.rs:158:1
    |
158 | unsafe extern "C" fn host_mod(vm: *mut Vm, a: *const Value, b: *const Value, out: *mut Value) {
    | ^^^^^^^^^^^^^^^^^^^^^^^^^^^^^^^^^^^^^^^^^^^^^^^^^^^^^^^^^^^^^^^^^^^^^^^^^^^^^^^^^^^^^^^^^^^^^
    = note: for more information, see <https://doc.rust-lang.org/edition-guide/rust-2024/unsafe-op-in-unsafe-fn.html>

warning[E0133]: dereference of raw pointer is unsafe and requires unsafe block
   --> src\compile\jit\hostcalls.rs:160:19
    |
160 |     match vm.rem(&*a, &*b) {
    |                   ^^ dereference of raw pointer
    |
    = note: raw pointers may be null, dangling or unaligned; they can violate aliasing rules and cause data races: all of these are undefined behavior
    = note: for more information, see <https://doc.rust-lang.org/edition-guide/rust-2024/unsafe-op-in-unsafe-fn.html>

warning[E0133]: dereference of raw pointer is unsafe and requires unsafe block
   --> src\compile\jit\hostcalls.rs:160:24
    |
160 |     match vm.rem(&*a, &*b) {
    |                        ^^ dereference of raw pointer
    |
    = note: raw pointers may be null, dangling or unaligned; they can violate aliasing rules and cause data races: all of these are undefined behavior
    = note: for more information, see <https://doc.rust-lang.org/edition-guide/rust-2024/unsafe-op-in-unsafe-fn.html>

warning[E0133]: call to unsafe function `std::ptr::write` is unsafe and requires unsafe block
   --> src\compile\jit\hostcalls.rs:161:18
    |
161 |         Ok(v) => std::ptr::write(out, v),
    |                  ^^^^^^^^^^^^^^^^^^^^^^^ call to unsafe function
    |
    = note: consult the function's documentation for information on how to avoid undefined behavior
    = note: for more information, see <https://doc.rust-lang.org/edition-guide/rust-2024/unsafe-op-in-unsafe-fn.html>

warning[E0133]: call to unsafe function `std::ptr::write` is unsafe and requires unsafe block
   --> src\compile\jit\hostcalls.rs:162:55
    |
162 |         Err(e) => { vm.set_last_error(e.to_string()); std::ptr::write(out, Value::Unit); }
    |                                                       ^^^^^^^^^^^^^^^^^^^^^^^^^^^^^^^^^ call to unsafe function
    |
    = note: consult the function's documentation for information on how to avoid undefined behavior
    = note: for more information, see <https://doc.rust-lang.org/edition-guide/rust-2024/unsafe-op-in-unsafe-fn.html>

warning[E0133]: dereference of raw pointer is unsafe and requires unsafe block
   --> src\compile\jit\hostcalls.rs:167:19
    |
167 |     let vm = &mut *vm;
    |                   ^^^ dereference of raw pointer
    |
    = note: raw pointers may be null, dangling or unaligned; they can violate aliasing rules and cause data races: all of these are undefined behavior
note: an unsafe function restricts its caller, but its body is safe by default
   --> src\compile\jit\hostcalls.rs:166:1
    |
166 | unsafe extern "C" fn host_neg(vm: *mut Vm, a: *const Value, out: *mut Value) {
    | ^^^^^^^^^^^^^^^^^^^^^^^^^^^^^^^^^^^^^^^^^^^^^^^^^^^^^^^^^^^^^^^^^^^^^^^^^^^^
    = note: for more information, see <https://doc.rust-lang.org/edition-guide/rust-2024/unsafe-op-in-unsafe-fn.html>

warning[E0133]: dereference of raw pointer is unsafe and requires unsafe block
   --> src\compile\jit\hostcalls.rs:168:19
    |
168 |     match vm.neg(&*a) {
    |                   ^^ dereference of raw pointer
    |
    = note: raw pointers may be null, dangling or unaligned; they can violate aliasing rules and cause data races: all of these are undefined behavior
    = note: for more information, see <https://doc.rust-lang.org/edition-guide/rust-2024/unsafe-op-in-unsafe-fn.html>

warning[E0133]: call to unsafe function `std::ptr::write` is unsafe and requires unsafe block
   --> src\compile\jit\hostcalls.rs:169:18
    |
169 |         Ok(v) => std::ptr::write(out, v),
    |                  ^^^^^^^^^^^^^^^^^^^^^^^ call to unsafe function
    |
    = note: consult the function's documentation for information on how to avoid undefined behavior
    = note: for more information, see <https://doc.rust-lang.org/edition-guide/rust-2024/unsafe-op-in-unsafe-fn.html>

warning[E0133]: call to unsafe function `std::ptr::write` is unsafe and requires unsafe block
   --> src\compile\jit\hostcalls.rs:170:55
    |
170 |         Err(e) => { vm.set_last_error(e.to_string()); std::ptr::write(out, Value::Unit); }
    |                                                       ^^^^^^^^^^^^^^^^^^^^^^^^^^^^^^^^^ call to unsafe function
    |
    = note: consult the function's documentation for information on how to avoid undefined behavior
    = note: for more information, see <https://doc.rust-lang.org/edition-guide/rust-2024/unsafe-op-in-unsafe-fn.html>

warning[E0133]: dereference of raw pointer is unsafe and requires unsafe block
   --> src\compile\jit\hostcalls.rs:175:19
    |
175 |     let vm = &mut *vm;
    |                   ^^^ dereference of raw pointer
    |
    = note: raw pointers may be null, dangling or unaligned; they can violate aliasing rules and cause data races: all of these are undefined behavior
note: an unsafe function restricts its caller, but its body is safe by default
   --> src\compile\jit\hostcalls.rs:174:1
    |
174 | unsafe extern "C" fn host_not(vm: *mut Vm, a: *const Value, out: *mut Value) {
    | ^^^^^^^^^^^^^^^^^^^^^^^^^^^^^^^^^^^^^^^^^^^^^^^^^^^^^^^^^^^^^^^^^^^^^^^^^^^^
    = note: for more information, see <https://doc.rust-lang.org/edition-guide/rust-2024/unsafe-op-in-unsafe-fn.html>

warning[E0133]: dereference of raw pointer is unsafe and requires unsafe block
   --> src\compile\jit\hostcalls.rs:176:19
    |
176 |     match vm.not(&*a) {
    |                   ^^ dereference of raw pointer
    |
    = note: raw pointers may be null, dangling or unaligned; they can violate aliasing rules and cause data races: all of these are undefined behavior
    = note: for more information, see <https://doc.rust-lang.org/edition-guide/rust-2024/unsafe-op-in-unsafe-fn.html>

warning[E0133]: call to unsafe function `std::ptr::write` is unsafe and requires unsafe block
   --> src\compile\jit\hostcalls.rs:177:18
    |
177 |         Ok(v) => std::ptr::write(out, v),
    |                  ^^^^^^^^^^^^^^^^^^^^^^^ call to unsafe function
    |
    = note: consult the function's documentation for information on how to avoid undefined behavior
    = note: for more information, see <https://doc.rust-lang.org/edition-guide/rust-2024/unsafe-op-in-unsafe-fn.html>

warning[E0133]: call to unsafe function `std::ptr::write` is unsafe and requires unsafe block
   --> src\compile\jit\hostcalls.rs:178:55
    |
178 |         Err(e) => { vm.set_last_error(e.to_string()); std::ptr::write(out, Value::Unit); }
    |                                                       ^^^^^^^^^^^^^^^^^^^^^^^^^^^^^^^^^ call to unsafe function
    |
    = note: consult the function's documentation for information on how to avoid undefined behavior
    = note: for more information, see <https://doc.rust-lang.org/edition-guide/rust-2024/unsafe-op-in-unsafe-fn.html>

warning[E0133]: dereference of raw pointer is unsafe and requires unsafe block
   --> src\compile\jit\hostcalls.rs:185:19
    |
185 |     let vm = &mut *vm;
    |                   ^^^ dereference of raw pointer
    |
    = note: raw pointers may be null, dangling or unaligned; they can violate aliasing rules and cause data races: all of these are undefined behavior
note: an unsafe function restricts its caller, but its body is safe by default
   --> src\compile\jit\hostcalls.rs:184:1
    |
184 | unsafe extern "C" fn host_eq(vm: *mut Vm, a: *const Value, b: *const Value, out: *mut Value) {
    | ^^^^^^^^^^^^^^^^^^^^^^^^^^^^^^^^^^^^^^^^^^^^^^^^^^^^^^^^^^^^^^^^^^^^^^^^^^^^^^^^^^^^^^^^^^^^
    = note: for more information, see <https://doc.rust-lang.org/edition-guide/rust-2024/unsafe-op-in-unsafe-fn.html>

warning[E0133]: dereference of raw pointer is unsafe and requires unsafe block
   --> src\compile\jit\hostcalls.rs:186:18
    |
186 |     match vm.eq(&*a, &*b) {
    |                  ^^ dereference of raw pointer
    |
    = note: raw pointers may be null, dangling or unaligned; they can violate aliasing rules and cause data races: all of these are undefined behavior
    = note: for more information, see <https://doc.rust-lang.org/edition-guide/rust-2024/unsafe-op-in-unsafe-fn.html>

warning[E0133]: dereference of raw pointer is unsafe and requires unsafe block
   --> src\compile\jit\hostcalls.rs:186:23
    |
186 |     match vm.eq(&*a, &*b) {
    |                       ^^ dereference of raw pointer
    |
    = note: raw pointers may be null, dangling or unaligned; they can violate aliasing rules and cause data races: all of these are undefined behavior
    = note: for more information, see <https://doc.rust-lang.org/edition-guide/rust-2024/unsafe-op-in-unsafe-fn.html>

warning[E0133]: call to unsafe function `std::ptr::write` is unsafe and requires unsafe block
   --> src\compile\jit\hostcalls.rs:187:18
    |
187 |         Ok(v) => std::ptr::write(out, v),
    |                  ^^^^^^^^^^^^^^^^^^^^^^^ call to unsafe function
    |
    = note: consult the function's documentation for information on how to avoid undefined behavior
    = note: for more information, see <https://doc.rust-lang.org/edition-guide/rust-2024/unsafe-op-in-unsafe-fn.html>

warning[E0133]: call to unsafe function `std::ptr::write` is unsafe and requires unsafe block
   --> src\compile\jit\hostcalls.rs:188:55
    |
188 |         Err(e) => { vm.set_last_error(e.to_string()); std::ptr::write(out, Value::Unit); }
    |                                                       ^^^^^^^^^^^^^^^^^^^^^^^^^^^^^^^^^ call to unsafe function
    |
    = note: consult the function's documentation for information on how to avoid undefined behavior
    = note: for more information, see <https://doc.rust-lang.org/edition-guide/rust-2024/unsafe-op-in-unsafe-fn.html>

warning[E0133]: dereference of raw pointer is unsafe and requires unsafe block
   --> src\compile\jit\hostcalls.rs:193:19
    |
193 |     let vm = &mut *vm;
    |                   ^^^ dereference of raw pointer
    |
    = note: raw pointers may be null, dangling or unaligned; they can violate aliasing rules and cause data races: all of these are undefined behavior
note: an unsafe function restricts its caller, but its body is safe by default
   --> src\compile\jit\hostcalls.rs:192:1
    |
192 | unsafe extern "C" fn host_neq(vm: *mut Vm, a: *const Value, b: *const Value, out: *mut Value) {
    | ^^^^^^^^^^^^^^^^^^^^^^^^^^^^^^^^^^^^^^^^^^^^^^^^^^^^^^^^^^^^^^^^^^^^^^^^^^^^^^^^^^^^^^^^^^^^^
    = note: for more information, see <https://doc.rust-lang.org/edition-guide/rust-2024/unsafe-op-in-unsafe-fn.html>

warning[E0133]: dereference of raw pointer is unsafe and requires unsafe block
   --> src\compile\jit\hostcalls.rs:194:19
    |
194 |     match vm.neq(&*a, &*b) {
    |                   ^^ dereference of raw pointer
    |
    = note: raw pointers may be null, dangling or unaligned; they can violate aliasing rules and cause data races: all of these are undefined behavior
    = note: for more information, see <https://doc.rust-lang.org/edition-guide/rust-2024/unsafe-op-in-unsafe-fn.html>

warning[E0133]: dereference of raw pointer is unsafe and requires unsafe block
   --> src\compile\jit\hostcalls.rs:194:24
    |
194 |     match vm.neq(&*a, &*b) {
    |                        ^^ dereference of raw pointer
    |
    = note: raw pointers may be null, dangling or unaligned; they can violate aliasing rules and cause data races: all of these are undefined behavior
    = note: for more information, see <https://doc.rust-lang.org/edition-guide/rust-2024/unsafe-op-in-unsafe-fn.html>

warning[E0133]: call to unsafe function `std::ptr::write` is unsafe and requires unsafe block
   --> src\compile\jit\hostcalls.rs:195:18
    |
195 |         Ok(v) => std::ptr::write(out, v),
    |                  ^^^^^^^^^^^^^^^^^^^^^^^ call to unsafe function
    |
    = note: consult the function's documentation for information on how to avoid undefined behavior
    = note: for more information, see <https://doc.rust-lang.org/edition-guide/rust-2024/unsafe-op-in-unsafe-fn.html>

warning[E0133]: call to unsafe function `std::ptr::write` is unsafe and requires unsafe block
   --> src\compile\jit\hostcalls.rs:196:55
    |
196 |         Err(e) => { vm.set_last_error(e.to_string()); std::ptr::write(out, Value::Unit); }
    |                                                       ^^^^^^^^^^^^^^^^^^^^^^^^^^^^^^^^^ call to unsafe function
    |
    = note: consult the function's documentation for information on how to avoid undefined behavior
    = note: for more information, see <https://doc.rust-lang.org/edition-guide/rust-2024/unsafe-op-in-unsafe-fn.html>

warning[E0133]: dereference of raw pointer is unsafe and requires unsafe block
   --> src\compile\jit\hostcalls.rs:201:19
    |
201 |     let vm = &mut *vm;
    |                   ^^^ dereference of raw pointer
    |
    = note: raw pointers may be null, dangling or unaligned; they can violate aliasing rules and cause data races: all of these are undefined behavior
note: an unsafe function restricts its caller, but its body is safe by default
   --> src\compile\jit\hostcalls.rs:200:1
    |
200 | unsafe extern "C" fn host_lt(vm: *mut Vm, a: *const Value, b: *const Value, out: *mut Value) {
    | ^^^^^^^^^^^^^^^^^^^^^^^^^^^^^^^^^^^^^^^^^^^^^^^^^^^^^^^^^^^^^^^^^^^^^^^^^^^^^^^^^^^^^^^^^^^^
    = note: for more information, see <https://doc.rust-lang.org/edition-guide/rust-2024/unsafe-op-in-unsafe-fn.html>

warning[E0133]: dereference of raw pointer is unsafe and requires unsafe block
   --> src\compile\jit\hostcalls.rs:202:18
    |
202 |     match vm.lt(&*a, &*b) {
    |                  ^^ dereference of raw pointer
    |
    = note: raw pointers may be null, dangling or unaligned; they can violate aliasing rules and cause data races: all of these are undefined behavior
    = note: for more information, see <https://doc.rust-lang.org/edition-guide/rust-2024/unsafe-op-in-unsafe-fn.html>

warning[E0133]: dereference of raw pointer is unsafe and requires unsafe block
   --> src\compile\jit\hostcalls.rs:202:23
    |
202 |     match vm.lt(&*a, &*b) {
    |                       ^^ dereference of raw pointer
    |
    = note: raw pointers may be null, dangling or unaligned; they can violate aliasing rules and cause data races: all of these are undefined behavior
    = note: for more information, see <https://doc.rust-lang.org/edition-guide/rust-2024/unsafe-op-in-unsafe-fn.html>

warning[E0133]: call to unsafe function `std::ptr::write` is unsafe and requires unsafe block
   --> src\compile\jit\hostcalls.rs:203:18
    |
203 |         Ok(v) => std::ptr::write(out, v),
    |                  ^^^^^^^^^^^^^^^^^^^^^^^ call to unsafe function
    |
    = note: consult the function's documentation for information on how to avoid undefined behavior
    = note: for more information, see <https://doc.rust-lang.org/edition-guide/rust-2024/unsafe-op-in-unsafe-fn.html>

warning[E0133]: call to unsafe function `std::ptr::write` is unsafe and requires unsafe block
   --> src\compile\jit\hostcalls.rs:204:55
    |
204 |         Err(e) => { vm.set_last_error(e.to_string()); std::ptr::write(out, Value::Unit); }
    |                                                       ^^^^^^^^^^^^^^^^^^^^^^^^^^^^^^^^^ call to unsafe function
    |
    = note: consult the function's documentation for information on how to avoid undefined behavior
    = note: for more information, see <https://doc.rust-lang.org/edition-guide/rust-2024/unsafe-op-in-unsafe-fn.html>

warning[E0133]: dereference of raw pointer is unsafe and requires unsafe block
   --> src\compile\jit\hostcalls.rs:209:19
    |
209 |     let vm = &mut *vm;
    |                   ^^^ dereference of raw pointer
    |
    = note: raw pointers may be null, dangling or unaligned; they can violate aliasing rules and cause data races: all of these are undefined behavior
note: an unsafe function restricts its caller, but its body is safe by default
   --> src\compile\jit\hostcalls.rs:208:1
    |
208 | unsafe extern "C" fn host_gt(vm: *mut Vm, a: *const Value, b: *const Value, out: *mut Value) {
    | ^^^^^^^^^^^^^^^^^^^^^^^^^^^^^^^^^^^^^^^^^^^^^^^^^^^^^^^^^^^^^^^^^^^^^^^^^^^^^^^^^^^^^^^^^^^^
    = note: for more information, see <https://doc.rust-lang.org/edition-guide/rust-2024/unsafe-op-in-unsafe-fn.html>

warning[E0133]: dereference of raw pointer is unsafe and requires unsafe block
   --> src\compile\jit\hostcalls.rs:210:18
    |
210 |     match vm.gt(&*a, &*b) {
    |                  ^^ dereference of raw pointer
    |
    = note: raw pointers may be null, dangling or unaligned; they can violate aliasing rules and cause data races: all of these are undefined behavior
    = note: for more information, see <https://doc.rust-lang.org/edition-guide/rust-2024/unsafe-op-in-unsafe-fn.html>

warning[E0133]: dereference of raw pointer is unsafe and requires unsafe block
   --> src\compile\jit\hostcalls.rs:210:23
    |
210 |     match vm.gt(&*a, &*b) {
    |                       ^^ dereference of raw pointer
    |
    = note: raw pointers may be null, dangling or unaligned; they can violate aliasing rules and cause data races: all of these are undefined behavior
    = note: for more information, see <https://doc.rust-lang.org/edition-guide/rust-2024/unsafe-op-in-unsafe-fn.html>

warning[E0133]: call to unsafe function `std::ptr::write` is unsafe and requires unsafe block
   --> src\compile\jit\hostcalls.rs:211:18
    |
211 |         Ok(v) => std::ptr::write(out, v),
    |                  ^^^^^^^^^^^^^^^^^^^^^^^ call to unsafe function
    |
    = note: consult the function's documentation for information on how to avoid undefined behavior
    = note: for more information, see <https://doc.rust-lang.org/edition-guide/rust-2024/unsafe-op-in-unsafe-fn.html>

warning[E0133]: call to unsafe function `std::ptr::write` is unsafe and requires unsafe block
   --> src\compile\jit\hostcalls.rs:212:55
    |
212 |         Err(e) => { vm.set_last_error(e.to_string()); std::ptr::write(out, Value::Unit); }
    |                                                       ^^^^^^^^^^^^^^^^^^^^^^^^^^^^^^^^^ call to unsafe function
    |
    = note: consult the function's documentation for information on how to avoid undefined behavior
    = note: for more information, see <https://doc.rust-lang.org/edition-guide/rust-2024/unsafe-op-in-unsafe-fn.html>

warning[E0133]: dereference of raw pointer is unsafe and requires unsafe block
   --> src\compile\jit\hostcalls.rs:217:19
    |
217 |     let vm = &mut *vm;
    |                   ^^^ dereference of raw pointer
    |
    = note: raw pointers may be null, dangling or unaligned; they can violate aliasing rules and cause data races: all of these are undefined behavior
note: an unsafe function restricts its caller, but its body is safe by default
   --> src\compile\jit\hostcalls.rs:216:1
    |
216 | unsafe extern "C" fn host_lte(vm: *mut Vm, a: *const Value, b: *const Value, out: *mut Value) {
    | ^^^^^^^^^^^^^^^^^^^^^^^^^^^^^^^^^^^^^^^^^^^^^^^^^^^^^^^^^^^^^^^^^^^^^^^^^^^^^^^^^^^^^^^^^^^^^
    = note: for more information, see <https://doc.rust-lang.org/edition-guide/rust-2024/unsafe-op-in-unsafe-fn.html>

warning[E0133]: dereference of raw pointer is unsafe and requires unsafe block
   --> src\compile\jit\hostcalls.rs:218:19
    |
218 |     match vm.lte(&*a, &*b) {
    |                   ^^ dereference of raw pointer
    |
    = note: raw pointers may be null, dangling or unaligned; they can violate aliasing rules and cause data races: all of these are undefined behavior
    = note: for more information, see <https://doc.rust-lang.org/edition-guide/rust-2024/unsafe-op-in-unsafe-fn.html>

warning[E0133]: dereference of raw pointer is unsafe and requires unsafe block
   --> src\compile\jit\hostcalls.rs:218:24
    |
218 |     match vm.lte(&*a, &*b) {
    |                        ^^ dereference of raw pointer
    |
    = note: raw pointers may be null, dangling or unaligned; they can violate aliasing rules and cause data races: all of these are undefined behavior
    = note: for more information, see <https://doc.rust-lang.org/edition-guide/rust-2024/unsafe-op-in-unsafe-fn.html>

warning[E0133]: call to unsafe function `std::ptr::write` is unsafe and requires unsafe block
   --> src\compile\jit\hostcalls.rs:219:18
    |
219 |         Ok(v) => std::ptr::write(out, v),
    |                  ^^^^^^^^^^^^^^^^^^^^^^^ call to unsafe function
    |
    = note: consult the function's documentation for information on how to avoid undefined behavior
    = note: for more information, see <https://doc.rust-lang.org/edition-guide/rust-2024/unsafe-op-in-unsafe-fn.html>

warning[E0133]: call to unsafe function `std::ptr::write` is unsafe and requires unsafe block
   --> src\compile\jit\hostcalls.rs:220:55
    |
220 |         Err(e) => { vm.set_last_error(e.to_string()); std::ptr::write(out, Value::Unit); }
    |                                                       ^^^^^^^^^^^^^^^^^^^^^^^^^^^^^^^^^ call to unsafe function
    |
    = note: consult the function's documentation for information on how to avoid undefined behavior
    = note: for more information, see <https://doc.rust-lang.org/edition-guide/rust-2024/unsafe-op-in-unsafe-fn.html>

warning[E0133]: dereference of raw pointer is unsafe and requires unsafe block
   --> src\compile\jit\hostcalls.rs:225:19
    |
225 |     let vm = &mut *vm;
    |                   ^^^ dereference of raw pointer
    |
    = note: raw pointers may be null, dangling or unaligned; they can violate aliasing rules and cause data races: all of these are undefined behavior
note: an unsafe function restricts its caller, but its body is safe by default
   --> src\compile\jit\hostcalls.rs:224:1
    |
224 | unsafe extern "C" fn host_gte(vm: *mut Vm, a: *const Value, b: *const Value, out: *mut Value) {
    | ^^^^^^^^^^^^^^^^^^^^^^^^^^^^^^^^^^^^^^^^^^^^^^^^^^^^^^^^^^^^^^^^^^^^^^^^^^^^^^^^^^^^^^^^^^^^^
    = note: for more information, see <https://doc.rust-lang.org/edition-guide/rust-2024/unsafe-op-in-unsafe-fn.html>

warning[E0133]: dereference of raw pointer is unsafe and requires unsafe block
   --> src\compile\jit\hostcalls.rs:226:19
    |
226 |     match vm.gte(&*a, &*b) {
    |                   ^^ dereference of raw pointer
    |
    = note: raw pointers may be null, dangling or unaligned; they can violate aliasing rules and cause data races: all of these are undefined behavior
    = note: for more information, see <https://doc.rust-lang.org/edition-guide/rust-2024/unsafe-op-in-unsafe-fn.html>

warning[E0133]: dereference of raw pointer is unsafe and requires unsafe block
   --> src\compile\jit\hostcalls.rs:226:24
    |
226 |     match vm.gte(&*a, &*b) {
    |                        ^^ dereference of raw pointer
    |
    = note: raw pointers may be null, dangling or unaligned; they can violate aliasing rules and cause data races: all of these are undefined behavior
    = note: for more information, see <https://doc.rust-lang.org/edition-guide/rust-2024/unsafe-op-in-unsafe-fn.html>

warning[E0133]: call to unsafe function `std::ptr::write` is unsafe and requires unsafe block
   --> src\compile\jit\hostcalls.rs:227:18
    |
227 |         Ok(v) => std::ptr::write(out, v),
    |                  ^^^^^^^^^^^^^^^^^^^^^^^ call to unsafe function
    |
    = note: consult the function's documentation for information on how to avoid undefined behavior
    = note: for more information, see <https://doc.rust-lang.org/edition-guide/rust-2024/unsafe-op-in-unsafe-fn.html>

warning[E0133]: call to unsafe function `std::ptr::write` is unsafe and requires unsafe block
   --> src\compile\jit\hostcalls.rs:228:55
    |
228 |         Err(e) => { vm.set_last_error(e.to_string()); std::ptr::write(out, Value::Unit); }
    |                                                       ^^^^^^^^^^^^^^^^^^^^^^^^^^^^^^^^^ call to unsafe function
    |
    = note: consult the function's documentation for information on how to avoid undefined behavior
    = note: for more information, see <https://doc.rust-lang.org/edition-guide/rust-2024/unsafe-op-in-unsafe-fn.html>

warning[E0133]: dereference of raw pointer is unsafe and requires unsafe block
   --> src\compile\jit\hostcalls.rs:237:19
    |
237 |     let vm = &mut *vm;
    |                   ^^^ dereference of raw pointer
    |
    = note: raw pointers may be null, dangling or unaligned; they can violate aliasing rules and cause data races: all of these are undefined behavior
note: an unsafe function restricts its caller, but its body is safe by default
   --> src\compile\jit\hostcalls.rs:234:1
    |
234 | / unsafe extern "C" fn host_call(
235 | |     vm: *mut Vm, name_idx: u64, arg_count: u64, args_ptr: *const Value, out: *mut Value,
236 | | ) {
    | |_^
    = note: for more information, see <https://doc.rust-lang.org/edition-guide/rust-2024/unsafe-op-in-unsafe-fn.html>

warning[E0133]: call to unsafe function `compile::jit::hostcalls::safe_slice` is unsafe and requires unsafe block
   --> src\compile\jit\hostcalls.rs:239:16
    |
239 |     let args = safe_slice(args_ptr, arg_count);
    |                ^^^^^^^^^^^^^^^^^^^^^^^^^^^^^^^ call to unsafe function
    |
    = note: consult the function's documentation for information on how to avoid undefined behavior
    = note: for more information, see <https://doc.rust-lang.org/edition-guide/rust-2024/unsafe-op-in-unsafe-fn.html>

warning[E0133]: call to unsafe function `std::ptr::write` is unsafe and requires unsafe block
   --> src\compile\jit\hostcalls.rs:241:18
    |
241 |         Ok(v) => std::ptr::write(out, v),
    |                  ^^^^^^^^^^^^^^^^^^^^^^^ call to unsafe function
    |
    = note: consult the function's documentation for information on how to avoid undefined behavior
    = note: for more information, see <https://doc.rust-lang.org/edition-guide/rust-2024/unsafe-op-in-unsafe-fn.html>

warning[E0133]: call to unsafe function `std::ptr::write` is unsafe and requires unsafe block
   --> src\compile\jit\hostcalls.rs:242:55
    |
242 |         Err(e) => { vm.set_last_error(e.to_string()); std::ptr::write(out, Value::Unit); }
    |                                                       ^^^^^^^^^^^^^^^^^^^^^^^^^^^^^^^^^ call to unsafe function
    |
    = note: consult the function's documentation for information on how to avoid undefined behavior
    = note: for more information, see <https://doc.rust-lang.org/edition-guide/rust-2024/unsafe-op-in-unsafe-fn.html>

warning[E0133]: dereference of raw pointer is unsafe and requires unsafe block
   --> src\compile\jit\hostcalls.rs:249:19
    |
249 |     let vm = &mut *vm;
    |                   ^^^ dereference of raw pointer
    |
    = note: raw pointers may be null, dangling or unaligned; they can violate aliasing rules and cause data races: all of these are undefined behavior
note: an unsafe function restricts its caller, but its body is safe by default
   --> src\compile\jit\hostcalls.rs:246:1
    |
246 | / unsafe extern "C" fn host_method_call(
247 | |     vm: *mut Vm, name_idx: u64, arg_count: u64, args_ptr: *const Value, out: *mut Value,
248 | | ) {
    | |_^
    = note: for more information, see <https://doc.rust-lang.org/edition-guide/rust-2024/unsafe-op-in-unsafe-fn.html>

warning[E0133]: call to unsafe function `compile::jit::hostcalls::safe_slice` is unsafe and requires unsafe block
   --> src\compile\jit\hostcalls.rs:251:15
    |
251 |     let all = safe_slice(args_ptr, arg_count);
    |               ^^^^^^^^^^^^^^^^^^^^^^^^^^^^^^^ call to unsafe function
    |
    = note: consult the function's documentation for information on how to avoid undefined behavior
    = note: for more information, see <https://doc.rust-lang.org/edition-guide/rust-2024/unsafe-op-in-unsafe-fn.html>

warning[E0133]: call to unsafe function `std::ptr::write` is unsafe and requires unsafe block
   --> src\compile\jit\hostcalls.rs:254:9
    |
254 |         std::ptr::write(out, Value::Unit);
    |         ^^^^^^^^^^^^^^^^^^^^^^^^^^^^^^^^^ call to unsafe function
    |
    = note: consult the function's documentation for information on how to avoid undefined behavior
    = note: for more information, see <https://doc.rust-lang.org/edition-guide/rust-2024/unsafe-op-in-unsafe-fn.html>

warning[E0133]: call to unsafe function `std::ptr::write` is unsafe and requires unsafe block
   --> src\compile\jit\hostcalls.rs:260:18
    |
260 |         Ok(v) => std::ptr::write(out, v),
    |                  ^^^^^^^^^^^^^^^^^^^^^^^ call to unsafe function
    |
    = note: consult the function's documentation for information on how to avoid undefined behavior
    = note: for more information, see <https://doc.rust-lang.org/edition-guide/rust-2024/unsafe-op-in-unsafe-fn.html>

warning[E0133]: call to unsafe function `std::ptr::write` is unsafe and requires unsafe block
   --> src\compile\jit\hostcalls.rs:261:55
    |
261 |         Err(e) => { vm.set_last_error(e.to_string()); std::ptr::write(out, Value::Unit); }
    |                                                       ^^^^^^^^^^^^^^^^^^^^^^^^^^^^^^^^^ call to unsafe function
    |
    = note: consult the function's documentation for information on how to avoid undefined behavior
    = note: for more information, see <https://doc.rust-lang.org/edition-guide/rust-2024/unsafe-op-in-unsafe-fn.html>

warning[E0133]: call to unsafe function `compile::jit::hostcalls::safe_slice` is unsafe and requires unsafe block
   --> src\compile\jit\hostcalls.rs:268:17
    |
268 |     let items = safe_slice(args_ptr, count).to_vec();
    |                 ^^^^^^^^^^^^^^^^^^^^^^^^^^^ call to unsafe function
    |
    = note: consult the function's documentation for information on how to avoid undefined behavior
note: an unsafe function restricts its caller, but its body is safe by default
   --> src\compile\jit\hostcalls.rs:267:1
    |
267 | unsafe extern "C" fn host_make_vec(_vm: *mut Vm, count: u64, args_ptr: *const Value, out: *mut Value) {
    | ^^^^^^^^^^^^^^^^^^^^^^^^^^^^^^^^^^^^^^^^^^^^^^^^^^^^^^^^^^^^^^^^^^^^^^^^^^^^^^^^^^^^^^^^^^^^^^^^^^^^^
    = note: for more information, see <https://doc.rust-lang.org/edition-guide/rust-2024/unsafe-op-in-unsafe-fn.html>

warning[E0133]: call to unsafe function `std::ptr::write` is unsafe and requires unsafe block
   --> src\compile\jit\hostcalls.rs:269:5
    |
269 |     std::ptr::write(out, Value::Vec(Rc::new(RefCell::new(items))));
    |     ^^^^^^^^^^^^^^^^^^^^^^^^^^^^^^^^^^^^^^^^^^^^^^^^^^^^^^^^^^^^^^ call to unsafe function
    |
    = note: consult the function's documentation for information on how to avoid undefined behavior
    = note: for more information, see <https://doc.rust-lang.org/edition-guide/rust-2024/unsafe-op-in-unsafe-fn.html>

warning[E0133]: call to unsafe function `std::ptr::write` is unsafe and requires unsafe block
   --> src\compile\jit\hostcalls.rs:277:13
    |
277 |             std::ptr::write(out, Value::Map(Rc::new(RefCell::new(std::collections::HashMap::new()))));
    |             ^^^^^^^^^^^^^^^^^^^^^^^^^^^^^^^^^^^^^^^^^^^^^^^^^^^^^^^^^^^^^^^^^^^^^^^^^^^^^^^^^^^^^^^^^ call to unsafe function
    |
    = note: consult the function's documentation for information on how to avoid undefined behavior
note: an unsafe function restricts its caller, but its body is safe by default
   --> src\compile\jit\hostcalls.rs:272:1
    |
272 | unsafe extern "C" fn host_make_map(_vm: *mut Vm, count: u64, args_ptr: *const Value, out: *mut Value) {
    | ^^^^^^^^^^^^^^^^^^^^^^^^^^^^^^^^^^^^^^^^^^^^^^^^^^^^^^^^^^^^^^^^^^^^^^^^^^^^^^^^^^^^^^^^^^^^^^^^^^^^^
    = note: for more information, see <https://doc.rust-lang.org/edition-guide/rust-2024/unsafe-op-in-unsafe-fn.html>

warning[E0133]: call to unsafe function `std::slice::from_raw_parts` is unsafe and requires unsafe block
   --> src\compile\jit\hostcalls.rs:284:9
    |
284 |         std::slice::from_raw_parts(args_ptr, pair_count)
    |         ^^^^^^^^^^^^^^^^^^^^^^^^^^^^^^^^^^^^^^^^^^^^^^^^ call to unsafe function
    |
    = note: consult the function's documentation for information on how to avoid undefined behavior
    = note: for more information, see <https://doc.rust-lang.org/edition-guide/rust-2024/unsafe-op-in-unsafe-fn.html>

warning[E0133]: call to unsafe function `std::ptr::write` is unsafe and requires unsafe block
   --> src\compile\jit\hostcalls.rs:294:5
    |
294 |     std::ptr::write(out, Value::Map(Rc::new(RefCell::new(map))));
    |     ^^^^^^^^^^^^^^^^^^^^^^^^^^^^^^^^^^^^^^^^^^^^^^^^^^^^^^^^^^^^ call to unsafe function
    |
    = note: consult the function's documentation for information on how to avoid undefined behavior
    = note: for more information, see <https://doc.rust-lang.org/edition-guide/rust-2024/unsafe-op-in-unsafe-fn.html>

warning[E0133]: dereference of raw pointer is unsafe and requires unsafe block
   --> src\compile\jit\hostcalls.rs:300:19
    |
300 |     let vm = &mut *vm;
    |                   ^^^ dereference of raw pointer
    |
    = note: raw pointers may be null, dangling or unaligned; they can violate aliasing rules and cause data races: all of these are undefined behavior
note: an unsafe function restricts its caller, but its body is safe by default
   --> src\compile\jit\hostcalls.rs:297:1
    |
297 | / unsafe extern "C" fn host_new_struct(
298 | |     vm: *mut Vm, name_idx: u64, field_count: u64, args_ptr: *const Value, out: *mut Value,
299 | | ) {
    | |_^
    = note: for more information, see <https://doc.rust-lang.org/edition-guide/rust-2024/unsafe-op-in-unsafe-fn.html>

warning[E0133]: call to unsafe function `std::ptr::write` is unsafe and requires unsafe block
   --> src\compile\jit\hostcalls.rs:307:13
    |
307 |             std::ptr::write(out, Value::Unit);
    |             ^^^^^^^^^^^^^^^^^^^^^^^^^^^^^^^^^ call to unsafe function
    |
    = note: consult the function's documentation for information on how to avoid undefined behavior
    = note: for more information, see <https://doc.rust-lang.org/edition-guide/rust-2024/unsafe-op-in-unsafe-fn.html>

warning[E0133]: call to unsafe function `std::slice::from_raw_parts` is unsafe and requires unsafe block
   --> src\compile\jit\hostcalls.rs:314:9
    |
314 |         std::slice::from_raw_parts(args_ptr, flat_len)
    |         ^^^^^^^^^^^^^^^^^^^^^^^^^^^^^^^^^^^^^^^^^^^^^^ call to unsafe function
    |
    = note: consult the function's documentation for information on how to avoid undefined behavior
    = note: for more information, see <https://doc.rust-lang.org/edition-guide/rust-2024/unsafe-op-in-unsafe-fn.html>

warning[E0133]: call to unsafe function `std::ptr::write` is unsafe and requires unsafe block
   --> src\compile\jit\hostcalls.rs:323:5
    |
323 |     std::ptr::write(out, Value::Struct { name, fields: Rc::new(RefCell::new(fields)) });
    |     ^^^^^^^^^^^^^^^^^^^^^^^^^^^^^^^^^^^^^^^^^^^^^^^^^^^^^^^^^^^^^^^^^^^^^^^^^^^^^^^^^^^ call to unsafe function
    |
    = note: consult the function's documentation for information on how to avoid undefined behavior
    = note: for more information, see <https://doc.rust-lang.org/edition-guide/rust-2024/unsafe-op-in-unsafe-fn.html>

warning[E0133]: dereference of raw pointer is unsafe and requires unsafe block
   --> src\compile\jit\hostcalls.rs:327:19
    |
327 |     let vm = &mut *vm;
    |                   ^^^ dereference of raw pointer
    |
    = note: raw pointers may be null, dangling or unaligned; they can violate aliasing rules and cause data races: all of these are undefined behavior
note: an unsafe function restricts its caller, but its body is safe by default
   --> src\compile\jit\hostcalls.rs:326:1
    |
326 | unsafe extern "C" fn host_load_field(vm: *mut Vm, field_idx: u64, recv: *const Value, out: *mut Value) {
    | ^^^^^^^^^^^^^^^^^^^^^^^^^^^^^^^^^^^^^^^^^^^^^^^^^^^^^^^^^^^^^^^^^^^^^^^^^^^^^^^^^^^^^^^^^^^^^^^^^^^^^^
    = note: for more information, see <https://doc.rust-lang.org/edition-guide/rust-2024/unsafe-op-in-unsafe-fn.html>

warning[E0133]: dereference of raw pointer is unsafe and requires unsafe block
   --> src\compile\jit\hostcalls.rs:329:12
    |
329 |     match &*recv {
    |            ^^^^^ dereference of raw pointer
    |
    = note: raw pointers may be null, dangling or unaligned; they can violate aliasing rules and cause data races: all of these are undefined behavior
    = note: for more information, see <https://doc.rust-lang.org/edition-guide/rust-2024/unsafe-op-in-unsafe-fn.html>

warning[E0133]: call to unsafe function `std::ptr::write` is unsafe and requires unsafe block
   --> src\compile\jit\hostcalls.rs:332:13
    |
332 | /             std::ptr::write(out, fields.iter()
333 | |                 .find(|(n, _)| n == &fname)
334 | |                 .map(|(_, v)| v.clone())
335 | |                 .unwrap_or(Value::Unit));
    | |________________________________________^ call to unsafe function
    |
    = note: consult the function's documentation for information on how to avoid undefined behavior
    = note: for more information, see <https://doc.rust-lang.org/edition-guide/rust-2024/unsafe-op-in-unsafe-fn.html>

warning[E0133]: call to unsafe function `std::ptr::write` is unsafe and requires unsafe block
   --> src\compile\jit\hostcalls.rs:337:14
    |
337 |         _ => std::ptr::write(out, Value::Unit),
    |              ^^^^^^^^^^^^^^^^^^^^^^^^^^^^^^^^^ call to unsafe function
    |
    = note: consult the function's documentation for information on how to avoid undefined behavior
    = note: for more information, see <https://doc.rust-lang.org/edition-guide/rust-2024/unsafe-op-in-unsafe-fn.html>

warning[E0133]: dereference of raw pointer is unsafe and requires unsafe block
   --> src\compile\jit\hostcalls.rs:342:19
    |
342 |     let vm = &mut *vm;
    |                   ^^^ dereference of raw pointer
    |
    = note: raw pointers may be null, dangling or unaligned; they can violate aliasing rules and cause data races: all of these are undefined behavior
note: an unsafe function restricts its caller, but its body is safe by default
   --> src\compile\jit\hostcalls.rs:341:1
    |
341 | unsafe extern "C" fn host_store_field(vm: *mut Vm, field_idx: u64, recv: *mut Value, val: *const Value, out: *mut Value) {
    | ^^^^^^^^^^^^^^^^^^^^^^^^^^^^^^^^^^^^^^^^^^^^^^^^^^^^^^^^^^^^^^^^^^^^^^^^^^^^^^^^^^^^^^^^^^^^^^^^^^^^^^^^^^^^^^^^^^^^^^^^
    = note: for more information, see <https://doc.rust-lang.org/edition-guide/rust-2024/unsafe-op-in-unsafe-fn.html>

warning[E0133]: dereference of raw pointer is unsafe and requires unsafe block
   --> src\compile\jit\hostcalls.rs:344:44
    |
344 |     if let Value::Struct { fields, .. } = &*recv {
    |                                            ^^^^^ dereference of raw pointer
    |
    = note: raw pointers may be null, dangling or unaligned; they can violate aliasing rules and cause data races: all of these are undefined behavior
    = note: for more information, see <https://doc.rust-lang.org/edition-guide/rust-2024/unsafe-op-in-unsafe-fn.html>

warning[E0133]: dereference of raw pointer is unsafe and requires unsafe block
   --> src\compile\jit\hostcalls.rs:347:22
    |
347 |             slot.1 = (*val).clone();
    |                      ^^^^^^ dereference of raw pointer
    |
    = note: raw pointers may be null, dangling or unaligned; they can violate aliasing rules and cause data races: all of these are undefined behavior
    = note: for more information, see <https://doc.rust-lang.org/edition-guide/rust-2024/unsafe-op-in-unsafe-fn.html>

warning[E0133]: call to unsafe function `std::ptr::write` is unsafe and requires unsafe block
   --> src\compile\jit\hostcalls.rs:350:5
    |
350 |     std::ptr::write(out, (*recv).clone());
    |     ^^^^^^^^^^^^^^^^^^^^^^^^^^^^^^^^^^^^^ call to unsafe function
    |
    = note: consult the function's documentation for information on how to avoid undefined behavior
    = note: for more information, see <https://doc.rust-lang.org/edition-guide/rust-2024/unsafe-op-in-unsafe-fn.html>

warning[E0133]: dereference of raw pointer is unsafe and requires unsafe block
   --> src\compile\jit\hostcalls.rs:350:26
    |
350 |     std::ptr::write(out, (*recv).clone());
    |                          ^^^^^^^ dereference of raw pointer
    |
    = note: raw pointers may be null, dangling or unaligned; they can violate aliasing rules and cause data races: all of these are undefined behavior
    = note: for more information, see <https://doc.rust-lang.org/edition-guide/rust-2024/unsafe-op-in-unsafe-fn.html>

warning[E0133]: dereference of raw pointer is unsafe and requires unsafe block
   --> src\compile\jit\hostcalls.rs:354:19
    |
354 |     let vm = &mut *vm;
    |                   ^^^ dereference of raw pointer
    |
    = note: raw pointers may be null, dangling or unaligned; they can violate aliasing rules and cause data races: all of these are undefined behavior
note: an unsafe function restricts its caller, but its body is safe by default
   --> src\compile\jit\hostcalls.rs:353:1
    |
353 | unsafe extern "C" fn host_index_get(vm: *mut Vm, target: *const Value, idx: *const Value, out: *mut Value) {
    | ^^^^^^^^^^^^^^^^^^^^^^^^^^^^^^^^^^^^^^^^^^^^^^^^^^^^^^^^^^^^^^^^^^^^^^^^^^^^^^^^^^^^^^^^^^^^^^^^^^^^^^^^^^
    = note: for more information, see <https://doc.rust-lang.org/edition-guide/rust-2024/unsafe-op-in-unsafe-fn.html>

warning[E0133]: dereference of raw pointer is unsafe and requires unsafe block
   --> src\compile\jit\hostcalls.rs:355:25
    |
355 |     match vm.index_get(&*target, &*idx) {
    |                         ^^^^^^^ dereference of raw pointer
    |
    = note: raw pointers may be null, dangling or unaligned; they can violate aliasing rules and cause data races: all of these are undefined behavior
    = note: for more information, see <https://doc.rust-lang.org/edition-guide/rust-2024/unsafe-op-in-unsafe-fn.html>

warning[E0133]: dereference of raw pointer is unsafe and requires unsafe block
   --> src\compile\jit\hostcalls.rs:355:35
    |
355 |     match vm.index_get(&*target, &*idx) {
    |                                   ^^^^ dereference of raw pointer
    |
    = note: raw pointers may be null, dangling or unaligned; they can violate aliasing rules and cause data races: all of these are undefined behavior
    = note: for more information, see <https://doc.rust-lang.org/edition-guide/rust-2024/unsafe-op-in-unsafe-fn.html>

warning[E0133]: call to unsafe function `std::ptr::write` is unsafe and requires unsafe block
   --> src\compile\jit\hostcalls.rs:356:18
    |
356 |         Ok(v) => std::ptr::write(out, v),
    |                  ^^^^^^^^^^^^^^^^^^^^^^^ call to unsafe function
    |
    = note: consult the function's documentation for information on how to avoid undefined behavior
    = note: for more information, see <https://doc.rust-lang.org/edition-guide/rust-2024/unsafe-op-in-unsafe-fn.html>

warning[E0133]: call to unsafe function `std::ptr::write` is unsafe and requires unsafe block
   --> src\compile\jit\hostcalls.rs:357:55
    |
357 |         Err(e) => { vm.set_last_error(e.to_string()); std::ptr::write(out, Value::Unit); }
    |                                                       ^^^^^^^^^^^^^^^^^^^^^^^^^^^^^^^^^ call to unsafe function
    |
    = note: consult the function's documentation for information on how to avoid undefined behavior
    = note: for more information, see <https://doc.rust-lang.org/edition-guide/rust-2024/unsafe-op-in-unsafe-fn.html>

warning[E0133]: dereference of raw pointer is unsafe and requires unsafe block
   --> src\compile\jit\hostcalls.rs:362:19
    |
362 |     let vm = &mut *vm;
    |                   ^^^ dereference of raw pointer
    |
    = note: raw pointers may be null, dangling or unaligned; they can violate aliasing rules and cause data races: all of these are undefined behavior
note: an unsafe function restricts its caller, but its body is safe by default
   --> src\compile\jit\hostcalls.rs:361:1
    |
361 | unsafe extern "C" fn host_slice_str(vm: *mut Vm, target: *const Value, start: *const Value, end: *const Value, out: *mut Value) {
    | ^^^^^^^^^^^^^^^^^^^^^^^^^^^^^^^^^^^^^^^^^^^^^^^^^^^^^^^^^^^^^^^^^^^^^^^^^^^^^^^^^^^^^^^^^^^^^^^^^^^^^^^^^^^^^^^^^^^^^^^^^^^^^^^
    = note: for more information, see <https://doc.rust-lang.org/edition-guide/rust-2024/unsafe-op-in-unsafe-fn.html>

warning[E0133]: dereference of raw pointer is unsafe and requires unsafe block
   --> src\compile\jit\hostcalls.rs:363:25
    |
363 |     match vm.slice_str(&*target, &*start, &*end) {
    |                         ^^^^^^^ dereference of raw pointer
    |
    = note: raw pointers may be null, dangling or unaligned; they can violate aliasing rules and cause data races: all of these are undefined behavior
    = note: for more information, see <https://doc.rust-lang.org/edition-guide/rust-2024/unsafe-op-in-unsafe-fn.html>

warning[E0133]: dereference of raw pointer is unsafe and requires unsafe block
   --> src\compile\jit\hostcalls.rs:363:35
    |
363 |     match vm.slice_str(&*target, &*start, &*end) {
    |                                   ^^^^^^ dereference of raw pointer
    |
    = note: raw pointers may be null, dangling or unaligned; they can violate aliasing rules and cause data races: all of these are undefined behavior
    = note: for more information, see <https://doc.rust-lang.org/edition-guide/rust-2024/unsafe-op-in-unsafe-fn.html>

warning[E0133]: dereference of raw pointer is unsafe and requires unsafe block
   --> src\compile\jit\hostcalls.rs:363:44
    |
363 |     match vm.slice_str(&*target, &*start, &*end) {
    |                                            ^^^^ dereference of raw pointer
    |
    = note: raw pointers may be null, dangling or unaligned; they can violate aliasing rules and cause data races: all of these are undefined behavior
    = note: for more information, see <https://doc.rust-lang.org/edition-guide/rust-2024/unsafe-op-in-unsafe-fn.html>

warning[E0133]: call to unsafe function `std::ptr::write` is unsafe and requires unsafe block
   --> src\compile\jit\hostcalls.rs:364:18
    |
364 |         Ok(v) => std::ptr::write(out, v),
    |                  ^^^^^^^^^^^^^^^^^^^^^^^ call to unsafe function
    |
    = note: consult the function's documentation for information on how to avoid undefined behavior
    = note: for more information, see <https://doc.rust-lang.org/edition-guide/rust-2024/unsafe-op-in-unsafe-fn.html>

warning[E0133]: call to unsafe function `std::ptr::write` is unsafe and requires unsafe block
   --> src\compile\jit\hostcalls.rs:365:55
    |
365 |         Err(e) => { vm.set_last_error(e.to_string()); std::ptr::write(out, Value::Unit); }
    |                                                       ^^^^^^^^^^^^^^^^^^^^^^^^^^^^^^^^^ call to unsafe function
    |
    = note: consult the function's documentation for information on how to avoid undefined behavior
    = note: for more information, see <https://doc.rust-lang.org/edition-guide/rust-2024/unsafe-op-in-unsafe-fn.html>

warning[E0133]: dereference of raw pointer is unsafe and requires unsafe block
   --> src\compile\jit\hostcalls.rs:372:19
    |
372 |     let vm = &mut *vm;
    |                   ^^^ dereference of raw pointer
    |
    = note: raw pointers may be null, dangling or unaligned; they can violate aliasing rules and cause data races: all of these are undefined behavior
note: an unsafe function restricts its caller, but its body is safe by default
   --> src\compile\jit\hostcalls.rs:369:1
    |
369 | / unsafe extern "C" fn host_make_enum(
370 | |     vm: *mut Vm, name_idx: u64, variant_idx: u64, field_count: u64, args_ptr: *const Value, out: *mut Value,
371 | | ) {
    | |_^
    = note: for more information, see <https://doc.rust-lang.org/edition-guide/rust-2024/unsafe-op-in-unsafe-fn.html>

warning[E0133]: call to unsafe function `compile::jit::hostcalls::safe_slice` is unsafe and requires unsafe block
   --> src\compile\jit\hostcalls.rs:376:34
    |
376 |     let fields_vec: Vec<Value> = safe_slice(args_ptr, field_count).to_vec();
    |                                  ^^^^^^^^^^^^^^^^^^^^^^^^^^^^^^^^^ call to unsafe function
    |
    = note: consult the function's documentation for information on how to avoid undefined behavior
    = note: for more information, see <https://doc.rust-lang.org/edition-guide/rust-2024/unsafe-op-in-unsafe-fn.html>

warning[E0133]: call to unsafe function `std::ptr::write` is unsafe and requires unsafe block
   --> src\compile\jit\hostcalls.rs:381:5
    |
381 |     std::ptr::write(out, Value::Enum { enum_name, variant, fields: Rc::new(RefCell::new(fields)) });
    |     ^^^^^^^^^^^^^^^^^^^^^^^^^^^^^^^^^^^^^^^^^^^^^^^^^^^^^^^^^^^^^^^^^^^^^^^^^^^^^^^^^^^^^^^^^^^^^^^ call to unsafe function
    |
    = note: consult the function's documentation for information on how to avoid undefined behavior
    = note: for more information, see <https://doc.rust-lang.org/edition-guide/rust-2024/unsafe-op-in-unsafe-fn.html>

warning[E0133]: dereference of raw pointer is unsafe and requires unsafe block
   --> src\compile\jit\hostcalls.rs:385:19
    |
385 |     let vm = &mut *vm;
    |                   ^^^ dereference of raw pointer
    |
    = note: raw pointers may be null, dangling or unaligned; they can violate aliasing rules and cause data races: all of these are undefined behavior
note: an unsafe function restricts its caller, but its body is safe by default
   --> src\compile\jit\hostcalls.rs:384:1
    |
384 | unsafe extern "C" fn host_is_enum_variant(vm: *mut Vm, variant_idx: u64, recv: *const Value, out: *mut Value) {
    | ^^^^^^^^^^^^^^^^^^^^^^^^^^^^^^^^^^^^^^^^^^^^^^^^^^^^^^^^^^^^^^^^^^^^^^^^^^^^^^^^^^^^^^^^^^^^^^^^^^^^^^^^^^^^^
    = note: for more information, see <https://doc.rust-lang.org/edition-guide/rust-2024/unsafe-op-in-unsafe-fn.html>

warning[E0133]: dereference of raw pointer is unsafe and requires unsafe block
   --> src\compile\jit\hostcalls.rs:387:12
    |
387 |     match &*recv {
    |            ^^^^^ dereference of raw pointer
    |
    = note: raw pointers may be null, dangling or unaligned; they can violate aliasing rules and cause data races: all of these are undefined behavior
    = note: for more information, see <https://doc.rust-lang.org/edition-guide/rust-2024/unsafe-op-in-unsafe-fn.html>

warning[E0133]: call to unsafe function `std::ptr::write` is unsafe and requires unsafe block
   --> src\compile\jit\hostcalls.rs:388:40
    |
388 |         Value::Enum { variant, .. } => std::ptr::write(out, Value::Bool(variant == &target)),
    |                                        ^^^^^^^^^^^^^^^^^^^^^^^^^^^^^^^^^^^^^^^^^^^^^^^^^^^^^ call to unsafe function
    |
    = note: consult the function's documentation for information on how to avoid undefined behavior
    = note: for more information, see <https://doc.rust-lang.org/edition-guide/rust-2024/unsafe-op-in-unsafe-fn.html>

warning[E0133]: call to unsafe function `std::ptr::write` is unsafe and requires unsafe block
   --> src\compile\jit\hostcalls.rs:389:14
    |
389 |         _ => std::ptr::write(out, Value::Bool(false)),
    |              ^^^^^^^^^^^^^^^^^^^^^^^^^^^^^^^^^^^^^^^^ call to unsafe function
    |
    = note: consult the function's documentation for information on how to avoid undefined behavior
    = note: for more information, see <https://doc.rust-lang.org/edition-guide/rust-2024/unsafe-op-in-unsafe-fn.html>

warning[E0133]: dereference of raw pointer is unsafe and requires unsafe block
   --> src\compile\jit\hostcalls.rs:394:19
    |
394 |     let vm = &mut *vm;
    |                   ^^^ dereference of raw pointer
    |
    = note: raw pointers may be null, dangling or unaligned; they can violate aliasing rules and cause data races: all of these are undefined behavior
note: an unsafe function restricts its caller, but its body is safe by default
   --> src\compile\jit\hostcalls.rs:393:1
    |
393 | unsafe extern "C" fn host_enum_get_field(vm: *mut Vm, field_idx: u64, recv: *const Value, out: *mut Value) {
    | ^^^^^^^^^^^^^^^^^^^^^^^^^^^^^^^^^^^^^^^^^^^^^^^^^^^^^^^^^^^^^^^^^^^^^^^^^^^^^^^^^^^^^^^^^^^^^^^^^^^^^^^^^^
    = note: for more information, see <https://doc.rust-lang.org/edition-guide/rust-2024/unsafe-op-in-unsafe-fn.html>

warning[E0133]: dereference of raw pointer is unsafe and requires unsafe block
   --> src\compile\jit\hostcalls.rs:396:12
    |
396 |     match &*recv {
    |            ^^^^^ dereference of raw pointer
    |
    = note: raw pointers may be null, dangling or unaligned; they can violate aliasing rules and cause data races: all of these are undefined behavior
    = note: for more information, see <https://doc.rust-lang.org/edition-guide/rust-2024/unsafe-op-in-unsafe-fn.html>

warning[E0133]: call to unsafe function `std::ptr::write` is unsafe and requires unsafe block
   --> src\compile\jit\hostcalls.rs:399:13
    |
399 | /             std::ptr::write(out, fields.iter()
400 | |                 .find(|(n, _)| n == &fname)
401 | |                 .map(|(_, v)| v.clone())
402 | |                 .unwrap_or_else(|| fields.get(0).map(|(_, v)| v.clone()).unwrap_or(Value::Unit)));
    | |_________________________________________________________________________________________________^ call to unsafe function
    |
    = note: consult the function's documentation for information on how to avoid undefined behavior
    = note: for more information, see <https://doc.rust-lang.org/edition-guide/rust-2024/unsafe-op-in-unsafe-fn.html>

warning[E0133]: call to unsafe function `std::ptr::write` is unsafe and requires unsafe block
   --> src\compile\jit\hostcalls.rs:404:14
    |
404 |         _ => std::ptr::write(out, Value::Unit),
    |              ^^^^^^^^^^^^^^^^^^^^^^^^^^^^^^^^^ call to unsafe function
    |
    = note: consult the function's documentation for information on how to avoid undefined behavior
    = note: for more information, see <https://doc.rust-lang.org/edition-guide/rust-2024/unsafe-op-in-unsafe-fn.html>

warning[E0133]: call to unsafe function `std::ptr::write` is unsafe and requires unsafe block
   --> src\compile\jit\hostcalls.rs:409:5
    |
409 |     std::ptr::write(out, Value::Range { start, end, inclusive: inclusive != 0 });
    |     ^^^^^^^^^^^^^^^^^^^^^^^^^^^^^^^^^^^^^^^^^^^^^^^^^^^^^^^^^^^^^^^^^^^^^^^^^^^^ call to unsafe function
    |
    = note: consult the function's documentation for information on how to avoid undefined behavior
note: an unsafe function restricts its caller, but its body is safe by default
   --> src\compile\jit\hostcalls.rs:408:1
    |
408 | unsafe extern "C" fn host_push_range(_vm: *mut Vm, start: i64, end: i64, inclusive: u8, out: *mut Value) {
    | ^^^^^^^^^^^^^^^^^^^^^^^^^^^^^^^^^^^^^^^^^^^^^^^^^^^^^^^^^^^^^^^^^^^^^^^^^^^^^^^^^^^^^^^^^^^^^^^^^^^^^^^^
    = note: for more information, see <https://doc.rust-lang.org/edition-guide/rust-2024/unsafe-op-in-unsafe-fn.html>

warning[E0133]: call to unsafe function `std::ptr::write` is unsafe and requires unsafe block
   --> src\compile\jit\hostcalls.rs:419:13
    |
419 |             std::ptr::write(out, Value::Unit);
    |             ^^^^^^^^^^^^^^^^^^^^^^^^^^^^^^^^^ call to unsafe function
    |
    = note: consult the function's documentation for information on how to avoid undefined behavior
note: an unsafe function restricts its caller, but its body is safe by default
   --> src\compile\jit\hostcalls.rs:412:1
    |
412 | / unsafe extern "C" fn host_make_tensor(
413 | |     _vm: *mut Vm, rows: u64, cols: u64, args_ptr: *const Value, out: *mut Value,
414 | | ) {
    | |_^
    = note: for more information, see <https://doc.rust-lang.org/edition-guide/rust-2024/unsafe-op-in-unsafe-fn.html>

warning[E0133]: call to unsafe function `std::slice::from_raw_parts` is unsafe and requires unsafe block
   --> src\compile\jit\hostcalls.rs:426:9
    |
426 |         std::slice::from_raw_parts(args_ptr, count)
    |         ^^^^^^^^^^^^^^^^^^^^^^^^^^^^^^^^^^^^^^^^^^^ call to unsafe function
    |
    = note: consult the function's documentation for information on how to avoid undefined behavior
    = note: for more information, see <https://doc.rust-lang.org/edition-guide/rust-2024/unsafe-op-in-unsafe-fn.html>

warning[E0133]: call to unsafe function `std::ptr::write` is unsafe and requires unsafe block
   --> src\compile\jit\hostcalls.rs:436:5
    |
436 |     std::ptr::write(out, Value::Tensor(Rc::new(RefCell::new(Tensor::from_vec(data, shape)))));
    |     ^^^^^^^^^^^^^^^^^^^^^^^^^^^^^^^^^^^^^^^^^^^^^^^^^^^^^^^^^^^^^^^^^^^^^^^^^^^^^^^^^^^^^^^^^ call to unsafe function
    |
    = note: consult the function's documentation for information on how to avoid undefined behavior
    = note: for more information, see <https://doc.rust-lang.org/edition-guide/rust-2024/unsafe-op-in-unsafe-fn.html>

warning[E0133]: call to unsafe function `std::ptr::write` is unsafe and requires unsafe block
   --> src\compile\jit\hostcalls.rs:448:13
    |
448 |             std::ptr::write(out, Value::Unit);
    |             ^^^^^^^^^^^^^^^^^^^^^^^^^^^^^^^^^ call to unsafe function
    |
    = note: consult the function's documentation for information on how to avoid undefined behavior
note: an unsafe function restricts its caller, but its body is safe by default
   --> src\compile\jit\hostcalls.rs:441:1
    |
441 | / unsafe extern "C" fn host_make_tensor_f32(
442 | |     _vm: *mut Vm, rows: u64, cols: u64, args_ptr: *const Value, out: *mut Value,
443 | | ) {
    | |_^
    = note: for more information, see <https://doc.rust-lang.org/edition-guide/rust-2024/unsafe-op-in-unsafe-fn.html>

warning[E0133]: call to unsafe function `std::slice::from_raw_parts` is unsafe and requires unsafe block
   --> src\compile\jit\hostcalls.rs:455:9
    |
455 |         std::slice::from_raw_parts(args_ptr, count)
    |         ^^^^^^^^^^^^^^^^^^^^^^^^^^^^^^^^^^^^^^^^^^^ call to unsafe function
    |
    = note: consult the function's documentation for information on how to avoid undefined behavior
    = note: for more information, see <https://doc.rust-lang.org/edition-guide/rust-2024/unsafe-op-in-unsafe-fn.html>

warning[E0133]: call to unsafe function `std::ptr::write` is unsafe and requires unsafe block
   --> src\compile\jit\hostcalls.rs:465:5
    |
465 |     std::ptr::write(out, Value::Tensor(Rc::new(RefCell::new(Tensor::from_vec_f32(data, shape)))));
    |     ^^^^^^^^^^^^^^^^^^^^^^^^^^^^^^^^^^^^^^^^^^^^^^^^^^^^^^^^^^^^^^^^^^^^^^^^^^^^^^^^^^^^^^^^^^^^^ call to unsafe function
    |
    = note: consult the function's documentation for information on how to avoid undefined behavior
    = note: for more information, see <https://doc.rust-lang.org/edition-guide/rust-2024/unsafe-op-in-unsafe-fn.html>

warning[E0133]: call to unsafe function `std::ptr::write` is unsafe and requires unsafe block
   --> src\compile\jit\hostcalls.rs:478:13
    |
478 |             std::ptr::write(out, Value::Unit);
    |             ^^^^^^^^^^^^^^^^^^^^^^^^^^^^^^^^^ call to unsafe function
    |
    = note: consult the function's documentation for information on how to avoid undefined behavior
note: an unsafe function restricts its caller, but its body is safe by default
   --> src\compile\jit\hostcalls.rs:471:1
    |
471 | / unsafe extern "C" fn host_make_tensor_f16(
472 | |     _vm: *mut Vm, rows: u64, cols: u64, args_ptr: *const Value, out: *mut Value,
473 | | ) {
    | |_^
    = note: for more information, see <https://doc.rust-lang.org/edition-guide/rust-2024/unsafe-op-in-unsafe-fn.html>

warning[E0133]: call to unsafe function `std::slice::from_raw_parts` is unsafe and requires unsafe block
   --> src\compile\jit\hostcalls.rs:485:9
    |
485 |         std::slice::from_raw_parts(args_ptr, count)
    |         ^^^^^^^^^^^^^^^^^^^^^^^^^^^^^^^^^^^^^^^^^^^ call to unsafe function
    |
    = note: consult the function's documentation for information on how to avoid undefined behavior
    = note: for more information, see <https://doc.rust-lang.org/edition-guide/rust-2024/unsafe-op-in-unsafe-fn.html>

warning[E0133]: call to unsafe function `std::ptr::write` is unsafe and requires unsafe block
   --> src\compile\jit\hostcalls.rs:496:5
    |
496 |     std::ptr::write(out, Value::Tensor(Rc::new(RefCell::new(Tensor::from_vec_f16(data, shape)))));
    |     ^^^^^^^^^^^^^^^^^^^^^^^^^^^^^^^^^^^^^^^^^^^^^^^^^^^^^^^^^^^^^^^^^^^^^^^^^^^^^^^^^^^^^^^^^^^^^ call to unsafe function
    |
    = note: consult the function's documentation for information on how to avoid undefined behavior
    = note: for more information, see <https://doc.rust-lang.org/edition-guide/rust-2024/unsafe-op-in-unsafe-fn.html>

warning[E0133]: call to unsafe function `std::ptr::write` is unsafe and requires unsafe block
   --> src\compile\jit\hostcalls.rs:508:13
    |
508 |             std::ptr::write(out, Value::Unit);
    |             ^^^^^^^^^^^^^^^^^^^^^^^^^^^^^^^^^ call to unsafe function
    |
    = note: consult the function's documentation for information on how to avoid undefined behavior
note: an unsafe function restricts its caller, but its body is safe by default
   --> src\compile\jit\hostcalls.rs:501:1
    |
501 | / unsafe extern "C" fn host_make_tensor_bf16(
502 | |     _vm: *mut Vm, rows: u64, cols: u64, args_ptr: *const Value, out: *mut Value,
503 | | ) {
    | |_^
    = note: for more information, see <https://doc.rust-lang.org/edition-guide/rust-2024/unsafe-op-in-unsafe-fn.html>

warning[E0133]: call to unsafe function `std::slice::from_raw_parts` is unsafe and requires unsafe block
   --> src\compile\jit\hostcalls.rs:515:9
    |
515 |         std::slice::from_raw_parts(args_ptr, count)
    |         ^^^^^^^^^^^^^^^^^^^^^^^^^^^^^^^^^^^^^^^^^^^ call to unsafe function
    |
    = note: consult the function's documentation for information on how to avoid undefined behavior
    = note: for more information, see <https://doc.rust-lang.org/edition-guide/rust-2024/unsafe-op-in-unsafe-fn.html>

warning[E0133]: call to unsafe function `std::ptr::write` is unsafe and requires unsafe block
   --> src\compile\jit\hostcalls.rs:526:5
    |
526 |     std::ptr::write(out, Value::Tensor(Rc::new(RefCell::new(Tensor::from_vec_bf16(data, shape)))));
    |     ^^^^^^^^^^^^^^^^^^^^^^^^^^^^^^^^^^^^^^^^^^^^^^^^^^^^^^^^^^^^^^^^^^^^^^^^^^^^^^^^^^^^^^^^^^^^^^ call to unsafe function
    |
    = note: consult the function's documentation for information on how to avoid undefined behavior
    = note: for more information, see <https://doc.rust-lang.org/edition-guide/rust-2024/unsafe-op-in-unsafe-fn.html>

warning[E0133]: dereference of raw pointer is unsafe and requires unsafe block
   --> src\compile\jit\hostcalls.rs:532:19
    |
532 |     let vm = &mut *vm;
    |                   ^^^ dereference of raw pointer
    |
    = note: raw pointers may be null, dangling or unaligned; they can violate aliasing rules and cause data races: all of these are undefined behavior
note: an unsafe function restricts its caller, but its body is safe by default
   --> src\compile\jit\hostcalls.rs:529:1
    |
529 | / unsafe extern "C" fn host_make_closure(
530 | |     vm: *mut Vm, _params: u64, chunk_idx: u64, out: *mut Value,
531 | | ) {
    | |_^
    = note: for more information, see <https://doc.rust-lang.org/edition-guide/rust-2024/unsafe-op-in-unsafe-fn.html>

warning[E0133]: call to unsafe function `std::ptr::write` is unsafe and requires unsafe block
   --> src\compile\jit\hostcalls.rs:534:5
    |
534 |     std::ptr::write(out, Value::FnRef { name, params: vec![], return_type: crate::hir::types::Type::Base(crate::hir::types::BaseType::Unit) });
    |     ^^^^^^^^^^^^^^^^^^^^^^^^^^^^^^^^^^^^^^^^^^^^^^^^^^^^^^^^^^^^^^^^^^^^^^^^^^^^^^^^^^^^^^^^^^^^^^^^^^^^^^^^^^^^^^^^^^^^^^^^^^^^^^^^^^^^^^^^^^ call to unsafe function
    |
    = note: consult the function's documentation for information on how to avoid undefined behavior
    = note: for more information, see <https://doc.rust-lang.org/edition-guide/rust-2024/unsafe-op-in-unsafe-fn.html>

warning[E0133]: dereference of raw pointer is unsafe and requires unsafe block
   --> src\compile\jit\hostcalls.rs:538:19
    |
538 |     let vm = &mut *vm;
    |                   ^^^ dereference of raw pointer
    |
    = note: raw pointers may be null, dangling or unaligned; they can violate aliasing rules and cause data races: all of these are undefined behavior
note: an unsafe function restricts its caller, but its body is safe by default
   --> src\compile\jit\hostcalls.rs:537:1
    |
537 | unsafe extern "C" fn host_load_global(vm: *mut Vm, name_idx: u64, out: *mut Value) {
    | ^^^^^^^^^^^^^^^^^^^^^^^^^^^^^^^^^^^^^^^^^^^^^^^^^^^^^^^^^^^^^^^^^^^^^^^^^^^^^^^^^^
    = note: for more information, see <https://doc.rust-lang.org/edition-guide/rust-2024/unsafe-op-in-unsafe-fn.html>

warning[E0133]: call to unsafe function `std::ptr::write` is unsafe and requires unsafe block
   --> src\compile\jit\hostcalls.rs:540:5
    |
540 |     std::ptr::write(out, vm.get_global(&name).unwrap_or(Value::Unit));
    |     ^^^^^^^^^^^^^^^^^^^^^^^^^^^^^^^^^^^^^^^^^^^^^^^^^^^^^^^^^^^^^^^^^ call to unsafe function
    |
    = note: consult the function's documentation for information on how to avoid undefined behavior
    = note: for more information, see <https://doc.rust-lang.org/edition-guide/rust-2024/unsafe-op-in-unsafe-fn.html>

warning[E0133]: dereference of raw pointer is unsafe and requires unsafe block
   --> src\compile\jit\hostcalls.rs:544:19
    |
544 |     let vm = &mut *vm;
    |                   ^^^ dereference of raw pointer
    |
    = note: raw pointers may be null, dangling or unaligned; they can violate aliasing rules and cause data races: all of these are undefined behavior
note: an unsafe function restricts its caller, but its body is safe by default
   --> src\compile\jit\hostcalls.rs:543:1
    |
543 | unsafe extern "C" fn host_store_global(vm: *mut Vm, name_idx: u64, val: *const Value, out: *mut Value) {
    | ^^^^^^^^^^^^^^^^^^^^^^^^^^^^^^^^^^^^^^^^^^^^^^^^^^^^^^^^^^^^^^^^^^^^^^^^^^^^^^^^^^^^^^^^^^^^^^^^^^^^^^
    = note: for more information, see <https://doc.rust-lang.org/edition-guide/rust-2024/unsafe-op-in-unsafe-fn.html>

warning[E0133]: dereference of raw pointer is unsafe and requires unsafe block
   --> src\compile\jit\hostcalls.rs:546:13
    |
546 |     let v = (*val).clone();
    |             ^^^^^^ dereference of raw pointer
    |
    = note: raw pointers may be null, dangling or unaligned; they can violate aliasing rules and cause data races: all of these are undefined behavior
    = note: for more information, see <https://doc.rust-lang.org/edition-guide/rust-2024/unsafe-op-in-unsafe-fn.html>

warning[E0133]: call to unsafe function `std::ptr::write` is unsafe and requires unsafe block
   --> src\compile\jit\hostcalls.rs:548:5
    |
548 |     std::ptr::write(out, v);
    |     ^^^^^^^^^^^^^^^^^^^^^^^ call to unsafe function
    |
    = note: consult the function's documentation for information on how to avoid undefined behavior
    = note: for more information, see <https://doc.rust-lang.org/edition-guide/rust-2024/unsafe-op-in-unsafe-fn.html>

warning[E0133]: dereference of raw pointer is unsafe and requires unsafe block
   --> src\compile\jit\hostcalls.rs:555:19
    |
555 |     let vm = &mut *vm;
    |                   ^^^ dereference of raw pointer
    |
    = note: raw pointers may be null, dangling or unaligned; they can violate aliasing rules and cause data races: all of these are undefined behavior
note: an unsafe function restricts its caller, but its body is safe by default
   --> src\compile\jit\hostcalls.rs:554:1
    |
554 | unsafe extern "C" fn host_check_error(vm: *mut Vm) -> u8 {
    | ^^^^^^^^^^^^^^^^^^^^^^^^^^^^^^^^^^^^^^^^^^^^^^^^^^^^^^^^
    = note: for more information, see <https://doc.rust-lang.org/edition-guide/rust-2024/unsafe-op-in-unsafe-fn.html>

warning: method `record_error_and_recover` is never used
   --> src\parser\parser.rs:144:8
    |
 43 | impl Parser {
    | ----------- method in this implementation
...
144 |     fn record_error_and_recover(&mut self, err: TenthError) -> Option<Item> {
    |        ^^^^^^^^^^^^^^^^^^^^^^^^
    |
    = note: `#[warn(dead_code)]` (part of `#[warn(unused)]`) on by default

warning: method `try_move` is never used
   --> src\hir\lower\scope.rs:133:19
    |
 27 | impl Scope {
    | ---------- method in this implementation
...
133 |     pub(super) fn try_move(&mut self, name: &str) -> bool {
    |                   ^^^^^^^^

warning: multiple methods are never used
   --> src\runtime\tensor\methods.rs:424:8
    |
  6 | impl Tensor {
    | ----------- methods in this implementation
...
424 |     fn map_f32(&self, f: impl Fn(f32) -> f32) -> Tensor {
    |        ^^^^^^^
...
430 |     fn map_f64(&self, f: impl Fn(f64) -> f64) -> Tensor {
    |        ^^^^^^^
...
437 |     fn map_f16(&self, f: impl Fn(f32) -> f32) -> Tensor {
    |        ^^^^^^^
...
445 |     fn map_bf16(&self, f: impl Fn(f32) -> f32) -> Tensor {
    |        ^^^^^^^^
...
452 |     fn zip_f32(&self, other: &Tensor, f: impl Fn(f32, f32) -> f32) -> Result<Tensor, String> {
    |        ^^^^^^^
...
467 |     fn zip_f64(&self, other: &Tensor, f: impl Fn(f64, f64) -> f64) -> Result<Tensor, String> {
    |        ^^^^^^^
...
483 |     fn zip_f16(&self, other: &Tensor, f: impl Fn(f32, f32) -> f32) -> Result<Tensor, String> {
    |        ^^^^^^^
...
499 |     fn zip_bf16(&self, other: &Tensor, f: impl Fn(f32, f32) -> f32) -> Result<Tensor, String> {
    |        ^^^^^^^^

warning: methods `to_f64` and `sqrt_` are never used
  --> src\runtime\autodiff\tape_op.rs:24:8
   |
15 | pub(super) trait FloatElem: 'static + Copy + Send + Sync +
   |                  --------- methods in this trait
...
24 |     fn to_f64(self) -> f64;
   |        ^^^^^^
25 |     fn sqrt_(self) -> Self;
   |        ^^^^^

warning: field `next_task_id` is never read
  --> src\runtime\vm\mod.rs:74:5
   |
36 | pub struct Vm {
   |            -- field in this struct
...
74 |     next_task_id: TaskId,
   |     ^^^^^^^^^^^^

warning: method `bfs_reverse_reachable` is never used
   --> src\runtime\relation_debugger.rs:217:8
    |
124 | impl Tape {
    | --------- method in this implementation
...
217 |     fn bfs_reverse_reachable(&self, v_err: usize) -> HashSet<usize> {
    |        ^^^^^^^^^^^^^^^^^^^^^

warning: method `emit_if` is never used
    --> src\compile\wasm\compile.rs:1162:19
     |
  17 | impl WasmCompiler {
     | ----------------- method in this implementation
...
1162 |     pub(super) fn emit_if(&self, body: &mut Function, cond: bool, then_i: Instruction<'_>, else_i: Instruction<'_>) {
     |                   ^^^^^^^

warning: unused `std::result::Result` that must be used
  --> src\compile\jit\context.rs:43:9
   |
43 |         self.module.finalize_definitions();
   |         ^^^^^^^^^^^^^^^^^^^^^^^^^^^^^^^^^^
   |
   = note: this `Result` may be an `Err` variant, which should be handled
   = note: `#[warn(unused_must_use)]` (part of `#[warn(unused)]`) on by default
help: use `let _ = ...` to ignore the resulting value
   |
43 |         let _ = self.module.finalize_definitions();
   |         +++++++

warning: direct cast of function item into an integer
   --> src\compile\jit\hostcalls.rs:563:41
    |
563 |         ("host_make_int", host_make_int as usize),
    |                                         ^^^^^^^^
    |
    = note: `#[warn(function_casts_as_integer)]` on by default
help: first cast to a pointer `as *const ()`
    |
563 |         ("host_make_int", host_make_int as *const () as usize),
    |                                         ++++++++++++

warning: direct cast of function item into an integer
   --> src\compile\jit\hostcalls.rs:564:45
    |
564 |         ("host_make_float", host_make_float as usize),
    |                                             ^^^^^^^^
    |
help: first cast to a pointer `as *const ()`
    |
564 |         ("host_make_float", host_make_float as *const () as usize),
    |                                             ++++++++++++

warning: direct cast of function item into an integer
   --> src\compile\jit\hostcalls.rs:565:49
    |
565 |         ("host_make_float32", host_make_float32 as usize),
    |                                                 ^^^^^^^^
    |
help: first cast to a pointer `as *const ()`
    |
565 |         ("host_make_float32", host_make_float32 as *const () as usize),
    |                                                 ++++++++++++

warning: direct cast of function item into an integer
   --> src\compile\jit\hostcalls.rs:566:43
    |
566 |         ("host_make_bool", host_make_bool as usize),
    |                                           ^^^^^^^^
    |
help: first cast to a pointer `as *const ()`
    |
566 |         ("host_make_bool", host_make_bool as *const () as usize),
    |                                           ++++++++++++

warning: direct cast of function item into an integer
   --> src\compile\jit\hostcalls.rs:567:41
    |
567 |         ("host_make_str", host_make_str as usize),
    |                                         ^^^^^^^^
    |
help: first cast to a pointer `as *const ()`
    |
567 |         ("host_make_str", host_make_str as *const () as usize),
    |                                         ++++++++++++

warning: direct cast of function item into an integer
   --> src\compile\jit\hostcalls.rs:568:43
    |
568 |         ("host_make_unit", host_make_unit as usize),
    |                                           ^^^^^^^^
    |
help: first cast to a pointer `as *const ()`
    |
568 |         ("host_make_unit", host_make_unit as *const () as usize),
    |                                           ++++++++++++

warning: direct cast of function item into an integer
   --> src\compile\jit\hostcalls.rs:569:37
    |
569 |         ("host_truthy", host_truthy as usize),
    |                                     ^^^^^^^^
    |
help: first cast to a pointer `as *const ()`
    |
569 |         ("host_truthy", host_truthy as *const () as usize),
    |                                     ++++++++++++

warning: direct cast of function item into an integer
   --> src\compile\jit\hostcalls.rs:570:31
    |
570 |         ("host_add", host_add as usize),
    |                               ^^^^^^^^
    |
help: first cast to a pointer `as *const ()`
    |
570 |         ("host_add", host_add as *const () as usize),
    |                               ++++++++++++

warning: direct cast of function item into an integer
   --> src\compile\jit\hostcalls.rs:571:31
    |
571 |         ("host_sub", host_sub as usize),
    |                               ^^^^^^^^
    |
help: first cast to a pointer `as *const ()`
    |
571 |         ("host_sub", host_sub as *const () as usize),
    |                               ++++++++++++

warning: direct cast of function item into an integer
   --> src\compile\jit\hostcalls.rs:572:31
    |
572 |         ("host_mul", host_mul as usize),
    |                               ^^^^^^^^
    |
help: first cast to a pointer `as *const ()`
    |
572 |         ("host_mul", host_mul as *const () as usize),
    |                               ++++++++++++

warning: direct cast of function item into an integer
   --> src\compile\jit\hostcalls.rs:573:31
    |
573 |         ("host_div", host_div as usize),
    |                               ^^^^^^^^
    |
help: first cast to a pointer `as *const ()`
    |
573 |         ("host_div", host_div as *const () as usize),
    |                               ++++++++++++

warning: direct cast of function item into an integer
   --> src\compile\jit\hostcalls.rs:574:31
    |
574 |         ("host_mod", host_mod as usize),
    |                               ^^^^^^^^
    |
help: first cast to a pointer `as *const ()`
    |
574 |         ("host_mod", host_mod as *const () as usize),
    |                               ++++++++++++

warning: direct cast of function item into an integer
   --> src\compile\jit\hostcalls.rs:575:31
    |
575 |         ("host_neg", host_neg as usize),
    |                               ^^^^^^^^
    |
help: first cast to a pointer `as *const ()`
    |
575 |         ("host_neg", host_neg as *const () as usize),
    |                               ++++++++++++

warning: direct cast of function item into an integer
   --> src\compile\jit\hostcalls.rs:576:31
    |
576 |         ("host_not", host_not as usize),
    |                               ^^^^^^^^
    |
help: first cast to a pointer `as *const ()`
    |
576 |         ("host_not", host_not as *const () as usize),
    |                               ++++++++++++

warning: direct cast of function item into an integer
   --> src\compile\jit\hostcalls.rs:577:29
    |
577 |         ("host_eq", host_eq as usize),
    |                             ^^^^^^^^
    |
help: first cast to a pointer `as *const ()`
    |
577 |         ("host_eq", host_eq as *const () as usize),
    |                             ++++++++++++

warning: direct cast of function item into an integer
   --> src\compile\jit\hostcalls.rs:578:31
    |
578 |         ("host_neq", host_neq as usize),
    |                               ^^^^^^^^
    |
help: first cast to a pointer `as *const ()`
    |
578 |         ("host_neq", host_neq as *const () as usize),
    |                               ++++++++++++

warning: direct cast of function item into an integer
   --> src\compile\jit\hostcalls.rs:579:29
    |
579 |         ("host_lt", host_lt as usize),
    |                             ^^^^^^^^
    |
help: first cast to a pointer `as *const ()`
    |
579 |         ("host_lt", host_lt as *const () as usize),
    |                             ++++++++++++

warning: direct cast of function item into an integer
   --> src\compile\jit\hostcalls.rs:580:29
    |
580 |         ("host_gt", host_gt as usize),
    |                             ^^^^^^^^
    |
help: first cast to a pointer `as *const ()`
    |
580 |         ("host_gt", host_gt as *const () as usize),
    |                             ++++++++++++

warning: direct cast of function item into an integer
   --> src\compile\jit\hostcalls.rs:581:31
    |
581 |         ("host_lte", host_lte as usize),
    |                               ^^^^^^^^
    |
help: first cast to a pointer `as *const ()`
    |
581 |         ("host_lte", host_lte as *const () as usize),
    |                               ++++++++++++

warning: direct cast of function item into an integer
   --> src\compile\jit\hostcalls.rs:582:31
    |
582 |         ("host_gte", host_gte as usize),
    |                               ^^^^^^^^
    |
help: first cast to a pointer `as *const ()`
    |
582 |         ("host_gte", host_gte as *const () as usize),
    |                               ++++++++++++

warning: direct cast of function item into an integer
   --> src\compile\jit\hostcalls.rs:583:33
    |
583 |         ("host_call", host_call as usize),
    |                                 ^^^^^^^^
    |
help: first cast to a pointer `as *const ()`
    |
583 |         ("host_call", host_call as *const () as usize),
    |                                 ++++++++++++

warning: direct cast of function item into an integer
   --> src\compile\jit\hostcalls.rs:584:47
    |
584 |         ("host_method_call", host_method_call as usize),
    |                                               ^^^^^^^^
    |
help: first cast to a pointer `as *const ()`
    |
584 |         ("host_method_call", host_method_call as *const () as usize),
    |                                               ++++++++++++

warning: direct cast of function item into an integer
   --> src\compile\jit\hostcalls.rs:585:41
    |
585 |         ("host_make_vec", host_make_vec as usize),
    |                                         ^^^^^^^^
    |
help: first cast to a pointer `as *const ()`
    |
585 |         ("host_make_vec", host_make_vec as *const () as usize),
    |                                         ++++++++++++

warning: direct cast of function item into an integer
   --> src\compile\jit\hostcalls.rs:586:41
    |
586 |         ("host_make_map", host_make_map as usize),
    |                                         ^^^^^^^^
    |
help: first cast to a pointer `as *const ()`
    |
586 |         ("host_make_map", host_make_map as *const () as usize),
    |                                         ++++++++++++

warning: direct cast of function item into an integer
   --> src\compile\jit\hostcalls.rs:587:45
    |
587 |         ("host_new_struct", host_new_struct as usize),
    |                                             ^^^^^^^^
    |
help: first cast to a pointer `as *const ()`
    |
587 |         ("host_new_struct", host_new_struct as *const () as usize),
    |                                             ++++++++++++

warning: direct cast of function item into an integer
   --> src\compile\jit\hostcalls.rs:588:45
    |
588 |         ("host_load_field", host_load_field as usize),
    |                                             ^^^^^^^^
    |
help: first cast to a pointer `as *const ()`
    |
588 |         ("host_load_field", host_load_field as *const () as usize),
    |                                             ++++++++++++

warning: direct cast of function item into an integer
   --> src\compile\jit\hostcalls.rs:589:47
    |
589 |         ("host_store_field", host_store_field as usize),
    |                                               ^^^^^^^^
    |
help: first cast to a pointer `as *const ()`
    |
589 |         ("host_store_field", host_store_field as *const () as usize),
    |                                               ++++++++++++

warning: direct cast of function item into an integer
   --> src\compile\jit\hostcalls.rs:590:43
    |
590 |         ("host_index_get", host_index_get as usize),
    |                                           ^^^^^^^^
    |
help: first cast to a pointer `as *const ()`
    |
590 |         ("host_index_get", host_index_get as *const () as usize),
    |                                           ++++++++++++

warning: direct cast of function item into an integer
   --> src\compile\jit\hostcalls.rs:591:43
    |
591 |         ("host_slice_str", host_slice_str as usize),
    |                                           ^^^^^^^^
    |
help: first cast to a pointer `as *const ()`
    |
591 |         ("host_slice_str", host_slice_str as *const () as usize),
    |                                           ++++++++++++

warning: direct cast of function item into an integer
   --> src\compile\jit\hostcalls.rs:592:43
    |
592 |         ("host_make_enum", host_make_enum as usize),
    |                                           ^^^^^^^^
    |
help: first cast to a pointer `as *const ()`
    |
592 |         ("host_make_enum", host_make_enum as *const () as usize),
    |                                           ++++++++++++

warning: direct cast of function item into an integer
   --> src\compile\jit\hostcalls.rs:593:55
    |
593 |         ("host_is_enum_variant", host_is_enum_variant as usize),
    |                                                       ^^^^^^^^
    |
help: first cast to a pointer `as *const ()`
    |
593 |         ("host_is_enum_variant", host_is_enum_variant as *const () as usize),
    |                                                       ++++++++++++

warning: direct cast of function item into an integer
   --> src\compile\jit\hostcalls.rs:594:53
    |
594 |         ("host_enum_get_field", host_enum_get_field as usize),
    |                                                     ^^^^^^^^
    |
help: first cast to a pointer `as *const ()`
    |
594 |         ("host_enum_get_field", host_enum_get_field as *const () as usize),
    |                                                     ++++++++++++

warning: direct cast of function item into an integer
   --> src\compile\jit\hostcalls.rs:595:45
    |
595 |         ("host_push_range", host_push_range as usize),
    |                                             ^^^^^^^^
    |
help: first cast to a pointer `as *const ()`
    |
595 |         ("host_push_range", host_push_range as *const () as usize),
    |                                             ++++++++++++

warning: direct cast of function item into an integer
   --> src\compile\jit\hostcalls.rs:596:47
    |
596 |         ("host_make_tensor", host_make_tensor as usize),
    |                                               ^^^^^^^^
    |
help: first cast to a pointer `as *const ()`
    |
596 |         ("host_make_tensor", host_make_tensor as *const () as usize),
    |                                               ++++++++++++

warning: direct cast of function item into an integer
   --> src\compile\jit\hostcalls.rs:597:55
    |
597 |         ("host_make_tensor_f32", host_make_tensor_f32 as usize),
    |                                                       ^^^^^^^^
    |
help: first cast to a pointer `as *const ()`
    |
597 |         ("host_make_tensor_f32", host_make_tensor_f32 as *const () as usize),
    |                                                       ++++++++++++

warning: direct cast of function item into an integer
   --> src\compile\jit\hostcalls.rs:598:55
    |
598 |         ("host_make_tensor_f16", host_make_tensor_f16 as usize),
    |                                                       ^^^^^^^^
    |
help: first cast to a pointer `as *const ()`
    |
598 |         ("host_make_tensor_f16", host_make_tensor_f16 as *const () as usize),
    |                                                       ++++++++++++

warning: direct cast of function item into an integer
   --> src\compile\jit\hostcalls.rs:599:57
    |
599 |         ("host_make_tensor_bf16", host_make_tensor_bf16 as usize),
    |                                                         ^^^^^^^^
    |
help: first cast to a pointer `as *const ()`
    |
599 |         ("host_make_tensor_bf16", host_make_tensor_bf16 as *const () as usize),
    |                                                         ++++++++++++

warning: direct cast of function item into an integer
   --> src\compile\jit\hostcalls.rs:600:49
    |
600 |         ("host_make_closure", host_make_closure as usize),
    |                                                 ^^^^^^^^
    |
help: first cast to a pointer `as *const ()`
    |
600 |         ("host_make_closure", host_make_closure as *const () as usize),
    |                                                 ++++++++++++

warning: direct cast of function item into an integer
   --> src\compile\jit\hostcalls.rs:601:47
    |
601 |         ("host_load_global", host_load_global as usize),
    |                                               ^^^^^^^^
    |
help: first cast to a pointer `as *const ()`
    |
601 |         ("host_load_global", host_load_global as *const () as usize),
    |                                               ++++++++++++

warning: direct cast of function item into an integer
   --> src\compile\jit\hostcalls.rs:602:49
    |
602 |         ("host_store_global", host_store_global as usize),
    |                                                 ^^^^^^^^
    |
help: first cast to a pointer `as *const ()`
    |
602 |         ("host_store_global", host_store_global as *const () as usize),
    |                                                 ++++++++++++

warning: direct cast of function item into an integer
   --> src\compile\jit\hostcalls.rs:603:47
    |
603 |         ("host_check_error", host_check_error as usize),
    |                                               ^^^^^^^^
    |
help: first cast to a pointer `as *const ()`
    |
603 |         ("host_check_error", host_check_error as *const () as usize),
    |                                               ++++++++++++

For more information about this error, try `rustc --explain E0133`.
warning: `tenth` (lib test) generated 223 warnings (223 duplicates)
warning: `tenth` (lib) generated 224 warnings (run `cargo fix --lib -p tenth` to apply 114 suggestions)
warning: function `run_wasm_f64` is never used
   --> tests\parity_test.rs:393:8
    |
393 |     fn run_wasm_f64(wasm: &[u8], fn_name: &str, args: &[i64]) -> f64 {
    |        ^^^^^^^^^^^^
    |
    = note: `#[warn(dead_code)]` (part of `#[warn(unused)]`) on by default

warning: function `assert_parity_f64` is never used
   --> tests\parity_test.rs:417:8
    |
417 |     fn assert_parity_f64(src: &str, fn_name: &str, args: &[i64], expected: f64) {
    |        ^^^^^^^^^^^^^^^^^

warning: function `run_wasm_f64_args_i64_ret` is never used
   --> tests\parity_test.rs:428:8
    |
428 |     fn run_wasm_f64_args_i64_ret(wasm: &[u8], fn_name: &str, args: &[i64]) -> i64 {
    |        ^^^^^^^^^^^^^^^^^^^^^^^^^

warning: function `assert_parity_f64_args` is never used
   --> tests\parity_test.rs:452:8
    |
452 |     fn assert_parity_f64_args(src: &str, fn_name: &str, args: &[i64], expected: i64) {
    |        ^^^^^^^^^^^^^^^^^^^^^^

warning: function `f64_to_i64` is never used
   --> tests\parity_test.rs:497:8
    |
497 |     fn f64_to_i64(f: f64) -> i64 {
    |        ^^^^^^^^^^

warning: unused `Result` that must be used
  --> tests\vm_autodiff_test.rs:67:17
   |
67 |                 tape.backward(loss_id);
   |                 ^^^^^^^^^^^^^^^^^^^^^^
   |
   = note: this `Result` may be an `Err` variant, which should be handled
   = note: `#[warn(unused_must_use)]` (part of `#[warn(unused)]`) on by default
help: use `let _ = ...` to ignore the resulting value
   |
67 |                 let _ = tape.backward(loss_id);
   |                 +++++++

warning: unused `Result` that must be used
   --> tests\shape_check_test.rs:194:5
    |
194 |     tape.backward(r_id);
    |     ^^^^^^^^^^^^^^^^^^^
    |
    = note: this `Result` may be an `Err` variant, which should be handled
    = note: `#[warn(unused_must_use)]` (part of `#[warn(unused)]`) on by default
help: use `let _ = ...` to ignore the resulting value
    |
194 |     let _ = tape.backward(r_id);
    |     +++++++

warning: unused `Result` that must be used
   --> tests\shape_check_test.rs:230:5
    |
230 |     tape.backward(r_id);
    |     ^^^^^^^^^^^^^^^^^^^
    |
    = note: this `Result` may be an `Err` variant, which should be handled
help: use `let _ = ...` to ignore the resulting value
    |
230 |     let _ = tape.backward(r_id);
    |     +++++++

warning: `tenth` (test "parity_test") generated 5 warnings
warning: function `as_f64_vec` is never used
  --> tests\f32_stdlib_parity_test.rs:52:4
   |
52 | fn as_f64_vec(val: &Value) -> Option<Vec<f64>> {
   |    ^^^^^^^^^^
   |
   = note: `#[warn(dead_code)]` (part of `#[warn(unused)]`) on by default

warning: function `max_abs_diff_vec` is never used
  --> tests\f32_stdlib_parity_test.rs:63:4
   |
63 | fn max_abs_diff_vec(a: &[f64], b: &[f64]) -> f64 {
   |    ^^^^^^^^^^^^^^^^

warning: unused `Result` that must be used
  --> tests\f32_autodiff_test.rs:74:17
   |
74 |                 tape.backward(loss_id);
   |                 ^^^^^^^^^^^^^^^^^^^^^^
   |
   = note: this `Result` may be an `Err` variant, which should be handled
   = note: `#[warn(unused_must_use)]` (part of `#[warn(unused)]`) on by default
help: use `let _ = ...` to ignore the resulting value
   |
74 |                 let _ = tape.backward(loss_id);
   |                 +++++++

warning: `tenth` (test "vm_autodiff_test") generated 1 warning
warning: `tenth` (test "shape_check_test") generated 2 warnings
warning: `tenth` (test "f32_stdlib_parity_test") generated 2 warnings
warning: `tenth` (test "f32_autodiff_test") generated 1 warning
    Finished `release` profile [optimized] target(s) in 55.02s
  Executable unittests src\lib.rs (tenth\target\release\deps\tenth-028b59a3090c9dfd.exe)
  Executable unittests src\main.rs (tenth\target\release\deps\tenth-2ada5e8c4837a133.exe)
  Executable tests\abs_test.rs (tenth\target\release\deps\abs_test-e9604307dee5586f.exe)
  Executable tests\async_basic_test.rs (tenth\target\release\deps\async_basic_test-b490d4bca47a75ac.exe)
  Executable tests\autodiff_backward_shape_test.rs (tenth\target\release\deps\autodiff_backward_shape_test-790026c9c3ee3884.exe)
  Executable tests\autodiff_shape_test.rs (tenth\target\release\deps\autodiff_shape_test-429473fcf0eac7bd.exe)
  Executable tests\autodiff_test.rs (tenth\target\release\deps\autodiff_test-4ae74ab126759aa4.exe)
  Executable tests\bmm_test.rs (tenth\target\release\deps\bmm_test-627297cd01294584.exe)
  Executable tests\enum_test.rs (tenth\target\release\deps\enum_test-a6dc1104552925ee.exe)
  Executable tests\error_recovery_test.rs (tenth\target\release\deps\error_recovery_test-5aa97230547e6686.exe)
  Executable tests\f32_autodiff_test.rs (tenth\target\release\deps\f32_autodiff_test-9ffc229930ed57b6.exe)
  Executable tests\f32_frontend_test.rs (tenth\target\release\deps\f32_frontend_test-3dc868538c6be1ee.exe)
  Executable tests\f32_parity_test.rs (tenth\target\release\deps\f32_parity_test-97172d9a00ba7fd0.exe)
  Executable tests\f32_runtime_test.rs (tenth\target\release\deps\f32_runtime_test-adaa711501b8fbfa.exe)
  Executable tests\f32_stdlib_parity_test.rs (tenth\target\release\deps\f32_stdlib_parity_test-d32c5b7defeb1fda.exe)
  Executable tests\f32_stdlib_test.rs (tenth\target\release\deps\f32_stdlib_test-f64e318ce0daf022.exe)
  Executable tests\f32_tensor_test.rs (tenth\target\release\deps\f32_tensor_test-89479e7ac6bc6469.exe)
  Executable tests\f32_wasm_test.rs (tenth\target\release\deps\f32_wasm_test-4e435932e23bc0e4.exe)
  Executable tests\fixpoint_runtime.rs (tenth\target\release\deps\fixpoint_runtime-051ed1b51fce1a2e.exe)
  Executable tests\gather_test.rs (tenth\target\release\deps\gather_test-af165fd3f6ddb9e4.exe)
  Executable tests\generic_tensor_test.rs (tenth\target\release\deps\generic_tensor_test-6af390ba06d9481a.exe)
  Executable tests\generic_test.rs (tenth\target\release\deps\generic_test-c5a5e36048951c4e.exe)
  Executable tests\int_types_test.rs (tenth\target\release\deps\int_types_test-4d2aadf65ffd5d16.exe)
  Executable tests\integration_test.rs (tenth\target\release\deps\integration_test-98195a2bcebc6a38.exe)
  Executable tests\io_test.rs (tenth\target\release\deps\io_test-d2ecc2bd43556201.exe)
  Executable tests\iterator_test.rs (tenth\target\release\deps\iterator_test-5ee382d853e4fd0e.exe)
  Executable tests\jit_stack_overflow_test.rs (tenth\target\release\deps\jit_stack_overflow_test-a4f92e190ba03416.exe)
  Executable tests\jit_test.rs (tenth\target\release\deps\jit_test-391080d8e29b30b9.exe)
  Executable tests\lexer_test.rs (tenth\target\release\deps\lexer_test-3e0f3b5ec9910ba9.exe)
  Executable tests\memory_estimate_test.rs (tenth\target\release\deps\memory_estimate_test-188a661be95a0d8a.exe)
  Executable tests\memory_test.rs (tenth\target\release\deps\memory_test-66a9dcdfc92011cb.exe)
  Executable tests\mnist_loader_test.rs (tenth\target\release\deps\mnist_loader_test-6a0416fcabc17668.exe)
  Executable tests\module_test.rs (tenth\target\release\deps\module_test-8c37a4a308031f5e.exe)
  Executable tests\multihead_attention_test.rs (tenth\target\release\deps\multihead_attention_test-67346b37d93539de.exe)
  Executable tests\native_parity_test.rs (tenth\target\release\deps\native_parity_test-6746b167481fd790.exe)
  Executable tests\net_test.rs (tenth\target\release\deps\net_test-3f1bb1a0decf147c.exe)
  Executable tests\ownership_test.rs (tenth\target\release\deps\ownership_test-5cf474ba78cd9fbc.exe)
  Executable tests\parity_test.rs (tenth\target\release\deps\parity_test-77e3a6753a2a26e0.exe)
  Executable tests\parser_test.rs (tenth\target\release\deps\parser_test-d2380c7162e8a5b5.exe)
  Executable tests\pattern_match_test.rs (tenth\target\release\deps\pattern_match_test-2c665f063c879e00.exe)
  Executable tests\regex_test.rs (tenth\target\release\deps\regex_test-2708916f0a430e24.exe)
  Executable tests\relation_debugger_structured_test.rs (tenth\target\release\deps\relation_debugger_structured_test-31307b1c4fba859b.exe)
  Executable tests\relation_debugger_test.rs (tenth\target\release\deps\relation_debugger_test-e6ef8b5d193dad6e.exe)
  Executable tests\reshape_masked_fill_autodiff_test.rs (tenth\target\release\deps\reshape_masked_fill_autodiff_test-b3fc5eb4e6a012f8.exe)
  Executable tests\scatter_test.rs (tenth\target\release\deps\scatter_test-546f40f9f024a2f4.exe)
  Executable tests\select_test.rs (tenth\target\release\deps\select_test-8d5b313d057e67ad.exe)
  Executable tests\selfhost_frontend.rs (tenth\target\release\deps\selfhost_frontend-2589a8e9d344699a.exe)
  Executable tests\shape_check_compile_test.rs (tenth\target\release\deps\shape_check_compile_test-2bdcea1a892ccaa5.exe)
  Executable tests\shape_check_test.rs (tenth\target\release\deps\shape_check_test-ff7b1fc6d9172cfd.exe)
  Executable tests\stdlib_test.rs (tenth\target\release\deps\stdlib_test-dc3462515afe3283.exe)
  Executable tests\struct_test.rs (tenth\target\release\deps\struct_test-b406ea23992b63b3.exe)
  Executable tests\tensor_features_test.rs (tenth\target\release\deps\tensor_features_test-4232041b181db25b.exe)
  Executable tests\tenthc_dotdot_eq_test.rs (tenth\target\release\deps\tenthc_dotdot_eq_test-eef9026cef3447b3.exe)
  Executable tests\tenthc_for_loop_test.rs (tenth\target\release\deps\tenthc_for_loop_test-6c7779980fc25de6.exe)
  Executable tests\tenthc_generic_tensor_test.rs (tenth\target\release\deps\tenthc_generic_tensor_test-aa7bb8884e948949.exe)
  Executable tests\three_stage.rs (tenth\target\release\deps\three_stage-f77d5a3efea51d28.exe)
  Executable tests\trait_test.rs (tenth\target\release\deps\trait_test-4c91a54ca9de7eee.exe)
  Executable tests\try_operator_test.rs (tenth\target\release\deps\try_operator_test-a7b74d918ea6a291.exe)
  Executable tests\tuple_test.rs (tenth\target\release\deps\tuple_test-40ed4b596d5d7df6.exe)
  Executable tests\type_inference_test.rs (tenth\target\release\deps\type_inference_test-ae4c67cea81db057.exe)
  Executable tests\vm_autodiff_test.rs (tenth\target\release\deps\vm_autodiff_test-6570795294c13687.exe)
  Executable tests\wasm_backend_minimal.rs (tenth\target\release\deps\wasm_backend_minimal-b133fa584161f25a.exe)
