hello from tenthc